2026-05-12 00:01:14,382 | WARNING | ANOMALIE | ETH/USDT | squeeze | Bollinger squeeze — grote move op komst, wacht op bevestiging
2026-05-12 00:06:56,040 | WARNING | ANOMALIE | ETH/USDT | squeeze | Bollinger squeeze — grote move op komst, wacht op bevestiging
2026-05-12 00:12:37,194 | WARNING | ANOMALIE | ETH/USDT | squeeze | Bollinger squeeze — grote move op komst, wacht op bevestiging
2026-05-12 00:18:18,978 | WARNING | ANOMALIE | ETH/USDT | squeeze | Bollinger squeeze — grote move op komst, wacht op bevestiging
2026-05-12 00:24:02,784 | WARNING | ANOMALIE | ETH/USDT | squeeze | Bollinger squeeze — grote move op komst, wacht op bevestiging
2026-05-12 00:29:42,983 | WARNING | ANOMALIE | ETH/USDT | squeeze | Bollinger squeeze — grote move op komst, wacht op bevestiging
2026-05-12 00:35:24,385 | WARNING | ANOMALIE | ETH/USDT | squeeze | Bollinger squeeze — grote move op komst, wacht op bevestiging
2026-05-12 00:41:07,644 | WARNING | ANOMALIE | ETH/USDT | squeeze | Bollinger squeeze — grote move op komst, wacht op bevestiging
2026-05-12 00:46:50,978 | WARNING | ANOMALIE | ETH/USDT | squeeze | Bollinger squeeze — grote move op komst, wacht op bevestiging
2026-05-12 00:52:34,585 | WARNING | ANOMALIE | ETH/USDT | squeeze | Bollinger squeeze — grote move op komst, wacht op bevestiging
2026-05-12 00:58:18,330 | WARNING | ANOMALIE | ETH/USDT | squeeze | Bollinger squeeze — grote move op komst, wacht op bevestiging
2026-05-12 01:03:59,354 | WARNING | ANOMALIE | ETH/USDT | squeeze | Bollinger squeeze — grote move op komst, wacht op bevestiging
2026-05-12 01:09:41,969 | WARNING | ANOMALIE | ETH/USDT | squeeze | Bollinger squeeze — grote move op komst, wacht op bevestiging
2026-05-12 01:15:23,885 | WARNING | ANOMALIE | ETH/USDT | squeeze | Bollinger squeeze — grote move op komst, wacht op bevestiging
2026-05-12 01:21:06,703 | WARNING | ANOMALIE | ETH/USDT | squeeze | Bollinger squeeze — grote move op komst, wacht op bevestiging
2026-05-12 01:26:47,566 | WARNING | ANOMALIE | ETH/USDT | squeeze | Bollinger squeeze — grote move op komst, wacht op bevestiging
2026-05-12 01:32:31,980 | WARNING | ANOMALIE | ETH/USDT | squeeze | Bollinger squeeze — grote move op komst, wacht op bevestiging
2026-05-12 01:38:12,726 | WARNING | ANOMALIE | ETH/USDT | squeeze | Bollinger squeeze — grote move op komst, wacht op bevestiging
2026-05-12 01:43:54,544 | WARNING | ANOMALIE | ETH/USDT | squeeze | Bollinger squeeze — grote move op komst, wacht op bevestiging
2026-05-12 01:49:36,241 | WARNING | ANOMALIE | ETH/USDT | squeeze | Bollinger squeeze — grote move op komst, wacht op bevestiging
2026-05-12 01:55:18,090 | WARNING | ANOMALIE | ETH/USDT | squeeze | Bollinger squeeze — grote move op komst, wacht op bevestiging
2026-05-12 02:00:59,475 | WARNING | ANOMALIE | ETH/USDT | squeeze | Bollinger squeeze — grote move op komst, wacht op bevestiging
2026-05-12 02:06:42,295 | WARNING | ANOMALIE | ETH/USDT | squeeze | Bollinger squeeze — grote move op komst, wacht op bevestiging
2026-05-12 02:12:23,515 | WARNING | ANOMALIE | ETH/USDT | squeeze | Bollinger squeeze — grote move op komst, wacht op bevestiging
2026-05-12 02:18:05,280 | WARNING | ANOMALIE | ETH/USDT | squeeze | Bollinger squeeze — grote move op komst, wacht op bevestiging
2026-05-12 02:23:47,352 | WARNING | ANOMALIE | ETH/USDT | squeeze | Bollinger squeeze — grote move op komst, wacht op bevestiging
2026-05-12 02:29:29,022 | WARNING | ANOMALIE | ETH/USDT | squeeze | Bollinger squeeze — grote move op komst, wacht op bevestiging
2026-05-12 02:35:10,439 | WARNING | ANOMALIE | ETH/USDT | squeeze | Bollinger squeeze — grote move op komst, wacht op bevestiging
2026-05-12 02:40:54,664 | WARNING | ANOMALIE | ETH/USDT | squeeze | Bollinger squeeze — grote move op komst, wacht op bevestiging
2026-05-12 02:46:36,390 | WARNING | ANOMALIE | ETH/USDT | squeeze | Bollinger squeeze — grote move op komst, wacht op bevestiging
2026-05-12 02:52:18,980 | WARNING | ANOMALIE | ETH/USDT | squeeze | Bollinger squeeze — grote move op komst, wacht op bevestiging
2026-05-12 02:58:00,647 | WARNING | ANOMALIE | ETH/USDT | squeeze | Bollinger squeeze — grote move op komst, wacht op bevestiging
2026-05-12 03:03:43,064 | WARNING | ANOMALIE | ETH/USDT | squeeze | Bollinger squeeze — grote move op komst, wacht op bevestiging
2026-05-12 03:09:24,754 | WARNING | ANOMALIE | ETH/USDT | squeeze | Bollinger squeeze — grote move op komst, wacht op bevestiging
2026-05-12 03:15:07,360 | WARNING | ANOMALIE | ETH/USDT | squeeze | Bollinger squeeze — grote move op komst, wacht op bevestiging
2026-05-12 03:20:48,308 | WARNING | ANOMALIE | ETH/USDT | squeeze | Bollinger squeeze — grote move op komst, wacht op bevestiging
2026-05-12 03:26:30,488 | WARNING | ANOMALIE | ETH/USDT | squeeze | Bollinger squeeze — grote move op komst, wacht op bevestiging
2026-05-12 03:32:12,034 | WARNING | ANOMALIE | ETH/USDT | squeeze | Bollinger squeeze — grote move op komst, wacht op bevestiging
2026-05-12 03:35:34,107 | INFO | TRADE | ETH/USDT | SELL @ 2315.3100 | PnL: -0.25%
2026-05-12 03:37:53,715 | WARNING | ANOMALIE | ETH/USDT | squeeze | Bollinger squeeze — grote move op komst, wacht op bevestiging
2026-05-12 03:44:42,156 | WARNING | ANOMALIE | ETH/USDT | squeeze | Bollinger squeeze — grote move op komst, wacht op bevestiging
2026-05-12 03:50:24,856 | WARNING | ANOMALIE | ETH/USDT | squeeze | Bollinger squeeze — grote move op komst, wacht op bevestiging
2026-05-12 03:56:07,687 | WARNING | ANOMALIE | ETH/USDT | squeeze | Bollinger squeeze — grote move op komst, wacht op bevestiging
2026-05-12 04:01:49,683 | WARNING | ANOMALIE | ETH/USDT | squeeze | Bollinger squeeze — grote move op komst, wacht op bevestiging
2026-05-12 04:07:31,440 | WARNING | ANOMALIE | ETH/USDT | squeeze | Bollinger squeeze — grote move op komst, wacht op bevestiging
2026-05-12 04:13:12,579 | WARNING | ANOMALIE | ETH/USDT | squeeze | Bollinger squeeze — grote move op komst, wacht op bevestiging
2026-05-12 04:23:29,947 | WARNING | ANOMALIE | ETH/USDT | squeeze | Bollinger squeeze — grote move op komst, wacht op bevestiging
2026-05-12 04:29:11,528 | WARNING | ANOMALIE | ETH/USDT | squeeze | Bollinger squeeze — grote move op komst, wacht op bevestiging
2026-05-12 04:51:56,614 | WARNING | ANOMALIE | ETH/USDT | squeeze | Bollinger squeeze — grote move op komst, wacht op bevestiging
2026-05-12 04:57:40,224 | WARNING | ANOMALIE | ETH/USDT | squeeze | Bollinger squeeze — grote move op komst, wacht op bevestiging
2026-05-12 12:57:26,869 | INFO | TRADE | SOL/USDT | PARTIAL_TP1 @ 94.9600 | PnL: +2.30%
2026-05-12 15:33:52,022 | INFO | TRADE | SOL/USDT | PYRAMID @ 94.9207 | PnL: +0.00%
2026-05-12 15:33:52,261 | ERROR | FOUT | Analyse SOL/USDT | KeyError: 'stop_loss'
Traceback (most recent call last):
  File "/home/pi/crypto_bot/bot.py", line 662, in _tick
    self._analyze_symbol(symbol, current_prices.get(symbol),
  File "/home/pi/crypto_bot/bot.py", line 1125, in _analyze_symbol
    f"| SL={result['stop_loss']:,.4f} TP={result['take_profit']:,.4f}")
            ~~~~~~^^^^^^^^^^^^^
KeyError: 'stop_loss'
2026-05-12 15:35:04,458 | INFO | TRADE | SOL/USDT | PYRAMID @ 94.9507 | PnL: +0.00%
2026-05-12 15:35:04,728 | ERROR | FOUT | Analyse SOL/USDT | KeyError: 'stop_loss'
Traceback (most recent call last):
  File "/home/pi/crypto_bot/bot.py", line 662, in _tick
    self._analyze_symbol(symbol, current_prices.get(symbol),
  File "/home/pi/crypto_bot/bot.py", line 1125, in _analyze_symbol
    f"| SL={result['stop_loss']:,.4f} TP={result['take_profit']:,.4f}")
            ~~~~~~^^^^^^^^^^^^^
KeyError: 'stop_loss'
2026-05-12 17:22:44,487 | INFO | TRADE | SOL/USDT | COVER @ 94.1900 | PnL: +3.12%
2026-05-12 17:25:11,229 | INFO | TRADE | SOL/USDT | BUY @ 93.6631 | PnL: +0.00%
