2026-05-20 00:05:33,437 | WARNING | ANOMALIE | BTC/USDT | squeeze | Bollinger squeeze — grote move op komst, wacht op bevestiging
2026-05-20 00:11:16,276 | WARNING | ANOMALIE | BTC/USDT | squeeze | Bollinger squeeze — grote move op komst, wacht op bevestiging
2026-05-20 00:16:59,021 | WARNING | ANOMALIE | BTC/USDT | squeeze | Bollinger squeeze — grote move op komst, wacht op bevestiging
2026-05-20 00:22:44,740 | WARNING | ANOMALIE | BTC/USDT | squeeze | Bollinger squeeze — grote move op komst, wacht op bevestiging
2026-05-20 00:28:27,854 | WARNING | ANOMALIE | BTC/USDT | squeeze | Bollinger squeeze — grote move op komst, wacht op bevestiging
2026-05-20 00:34:16,209 | WARNING | ANOMALIE | BTC/USDT | squeeze | Bollinger squeeze — grote move op komst, wacht op bevestiging
2026-05-20 00:40:06,785 | WARNING | ANOMALIE | BTC/USDT | squeeze | Bollinger squeeze — grote move op komst, wacht op bevestiging
2026-05-20 00:45:54,993 | WARNING | ANOMALIE | BTC/USDT | squeeze | Bollinger squeeze — grote move op komst, wacht op bevestiging
2026-05-20 00:51:46,703 | WARNING | ANOMALIE | BTC/USDT | squeeze | Bollinger squeeze — grote move op komst, wacht op bevestiging
2026-05-20 00:57:33,857 | WARNING | ANOMALIE | BTC/USDT | squeeze | Bollinger squeeze — grote move op komst, wacht op bevestiging
2026-05-20 01:03:23,395 | WARNING | ANOMALIE | BTC/USDT | squeeze | Bollinger squeeze — grote move op komst, wacht op bevestiging
2026-05-20 01:09:15,581 | WARNING | ANOMALIE | BTC/USDT | squeeze | Bollinger squeeze — grote move op komst, wacht op bevestiging
2026-05-20 01:15:07,190 | WARNING | ANOMALIE | BTC/USDT | squeeze | Bollinger squeeze — grote move op komst, wacht op bevestiging
2026-05-20 01:20:54,781 | WARNING | ANOMALIE | BTC/USDT | squeeze | Bollinger squeeze — grote move op komst, wacht op bevestiging
2026-05-20 01:26:37,726 | WARNING | ANOMALIE | BTC/USDT | squeeze | Bollinger squeeze — grote move op komst, wacht op bevestiging
2026-05-20 01:32:20,069 | WARNING | ANOMALIE | BTC/USDT | squeeze | Bollinger squeeze — grote move op komst, wacht op bevestiging
2026-05-20 01:38:00,664 | WARNING | ANOMALIE | BTC/USDT | squeeze | Bollinger squeeze — grote move op komst, wacht op bevestiging
2026-05-20 01:43:43,845 | WARNING | ANOMALIE | BTC/USDT | squeeze | Bollinger squeeze — grote move op komst, wacht op bevestiging
2026-05-20 01:49:27,762 | WARNING | ANOMALIE | BTC/USDT | squeeze | Bollinger squeeze — grote move op komst, wacht op bevestiging
2026-05-20 01:55:09,914 | WARNING | ANOMALIE | BTC/USDT | squeeze | Bollinger squeeze — grote move op komst, wacht op bevestiging
2026-05-20 02:00:50,912 | WARNING | ANOMALIE | BTC/USDT | squeeze | Bollinger squeeze — grote move op komst, wacht op bevestiging
2026-05-20 02:06:32,498 | WARNING | ANOMALIE | BTC/USDT | squeeze | Bollinger squeeze — grote move op komst, wacht op bevestiging
2026-05-20 02:12:14,436 | WARNING | ANOMALIE | BTC/USDT | squeeze | Bollinger squeeze — grote move op komst, wacht op bevestiging
2026-05-20 02:17:58,129 | WARNING | ANOMALIE | BTC/USDT | squeeze | Bollinger squeeze — grote move op komst, wacht op bevestiging
2026-05-20 02:23:39,916 | WARNING | ANOMALIE | BTC/USDT | squeeze | Bollinger squeeze — grote move op komst, wacht op bevestiging
2026-05-20 02:29:22,548 | WARNING | ANOMALIE | BTC/USDT | squeeze | Bollinger squeeze — grote move op komst, wacht op bevestiging
2026-05-20 02:35:05,240 | WARNING | ANOMALIE | BTC/USDT | squeeze | Bollinger squeeze — grote move op komst, wacht op bevestiging
2026-05-20 02:40:46,870 | WARNING | ANOMALIE | BTC/USDT | squeeze | Bollinger squeeze — grote move op komst, wacht op bevestiging
2026-05-20 02:46:28,722 | WARNING | ANOMALIE | BTC/USDT | squeeze | Bollinger squeeze — grote move op komst, wacht op bevestiging
2026-05-20 02:52:13,584 | WARNING | ANOMALIE | BTC/USDT | squeeze | Bollinger squeeze — grote move op komst, wacht op bevestiging
2026-05-20 02:57:54,065 | WARNING | ANOMALIE | BTC/USDT | squeeze | Bollinger squeeze — grote move op komst, wacht op bevestiging
2026-05-20 03:03:36,384 | WARNING | ANOMALIE | BTC/USDT | squeeze | Bollinger squeeze — grote move op komst, wacht op bevestiging
2026-05-20 03:09:21,084 | WARNING | ANOMALIE | BTC/USDT | squeeze | Bollinger squeeze — grote move op komst, wacht op bevestiging
2026-05-20 03:15:05,408 | WARNING | ANOMALIE | BTC/USDT | squeeze | Bollinger squeeze — grote move op komst, wacht op bevestiging
2026-05-20 03:20:48,041 | WARNING | ANOMALIE | BTC/USDT | squeeze | Bollinger squeeze — grote move op komst, wacht op bevestiging
2026-05-20 03:26:33,323 | WARNING | ANOMALIE | BTC/USDT | squeeze | Bollinger squeeze — grote move op komst, wacht op bevestiging
2026-05-20 03:32:16,391 | WARNING | ANOMALIE | BTC/USDT | squeeze | Bollinger squeeze — grote move op komst, wacht op bevestiging
2026-05-20 03:37:59,150 | WARNING | ANOMALIE | BTC/USDT | squeeze | Bollinger squeeze — grote move op komst, wacht op bevestiging
2026-05-20 03:43:40,777 | WARNING | ANOMALIE | BTC/USDT | squeeze | Bollinger squeeze — grote move op komst, wacht op bevestiging
2026-05-20 03:49:22,942 | WARNING | ANOMALIE | BTC/USDT | squeeze | Bollinger squeeze — grote move op komst, wacht op bevestiging
2026-05-20 03:55:06,530 | WARNING | ANOMALIE | BTC/USDT | squeeze | Bollinger squeeze — grote move op komst, wacht op bevestiging
2026-05-20 04:00:51,542 | WARNING | ANOMALIE | BTC/USDT | squeeze | Bollinger squeeze — grote move op komst, wacht op bevestiging
2026-05-20 04:06:36,422 | WARNING | ANOMALIE | BTC/USDT | squeeze | Bollinger squeeze — grote move op komst, wacht op bevestiging
2026-05-20 04:12:21,759 | WARNING | ANOMALIE | BTC/USDT | squeeze | Bollinger squeeze — grote move op komst, wacht op bevestiging
2026-05-20 04:18:06,759 | WARNING | ANOMALIE | BTC/USDT | squeeze | Bollinger squeeze — grote move op komst, wacht op bevestiging
2026-05-20 04:23:50,422 | WARNING | ANOMALIE | BTC/USDT | squeeze | Bollinger squeeze — grote move op komst, wacht op bevestiging
2026-05-20 04:29:32,819 | WARNING | ANOMALIE | BTC/USDT | squeeze | Bollinger squeeze — grote move op komst, wacht op bevestiging
2026-05-20 04:35:16,510 | WARNING | ANOMALIE | BTC/USDT | squeeze | Bollinger squeeze — grote move op komst, wacht op bevestiging
2026-05-20 04:40:57,669 | WARNING | ANOMALIE | BTC/USDT | squeeze | Bollinger squeeze — grote move op komst, wacht op bevestiging
2026-05-20 04:46:40,494 | WARNING | ANOMALIE | BTC/USDT | squeeze | Bollinger squeeze — grote move op komst, wacht op bevestiging
2026-05-20 04:52:22,942 | WARNING | ANOMALIE | BTC/USDT | squeeze | Bollinger squeeze — grote move op komst, wacht op bevestiging
2026-05-20 04:58:06,152 | WARNING | ANOMALIE | BTC/USDT | squeeze | Bollinger squeeze — grote move op komst, wacht op bevestiging
2026-05-20 05:00:27,252 | WARNING | ANOMALIE | ETH/USDT | squeeze | Bollinger squeeze — grote move op komst, wacht op bevestiging
2026-05-20 05:03:48,586 | WARNING | ANOMALIE | BTC/USDT | squeeze | Bollinger squeeze — grote move op komst, wacht op bevestiging
2026-05-20 05:06:10,743 | WARNING | ANOMALIE | ETH/USDT | squeeze | Bollinger squeeze — grote move op komst, wacht op bevestiging
2026-05-20 05:09:33,254 | WARNING | ANOMALIE | BTC/USDT | squeeze | Bollinger squeeze — grote move op komst, wacht op bevestiging
2026-05-20 05:11:54,246 | WARNING | ANOMALIE | ETH/USDT | squeeze | Bollinger squeeze — grote move op komst, wacht op bevestiging
2026-05-20 05:11:56,305 | WARNING | ANOMALIE | SOL/USDT | squeeze | Bollinger squeeze — grote move op komst, wacht op bevestiging
2026-05-20 05:15:15,493 | WARNING | ANOMALIE | BTC/USDT | squeeze | Bollinger squeeze — grote move op komst, wacht op bevestiging
2026-05-20 05:17:36,406 | WARNING | ANOMALIE | ETH/USDT | squeeze | Bollinger squeeze — grote move op komst, wacht op bevestiging
2026-05-20 05:17:38,609 | WARNING | ANOMALIE | SOL/USDT | squeeze | Bollinger squeeze — grote move op komst, wacht op bevestiging
2026-05-20 05:20:58,219 | WARNING | ANOMALIE | BTC/USDT | squeeze | Bollinger squeeze — grote move op komst, wacht op bevestiging
2026-05-20 05:23:18,714 | WARNING | ANOMALIE | ETH/USDT | squeeze | Bollinger squeeze — grote move op komst, wacht op bevestiging
2026-05-20 05:23:20,720 | WARNING | ANOMALIE | SOL/USDT | squeeze | Bollinger squeeze — grote move op komst, wacht op bevestiging
2026-05-20 05:26:40,046 | WARNING | ANOMALIE | BTC/USDT | squeeze | Bollinger squeeze — grote move op komst, wacht op bevestiging
2026-05-20 05:29:01,009 | WARNING | ANOMALIE | ETH/USDT | squeeze | Bollinger squeeze — grote move op komst, wacht op bevestiging
2026-05-20 05:29:03,284 | WARNING | ANOMALIE | SOL/USDT | squeeze | Bollinger squeeze — grote move op komst, wacht op bevestiging
2026-05-20 05:32:21,869 | WARNING | ANOMALIE | BTC/USDT | squeeze | Bollinger squeeze — grote move op komst, wacht op bevestiging
2026-05-20 05:34:42,474 | WARNING | ANOMALIE | ETH/USDT | squeeze | Bollinger squeeze — grote move op komst, wacht op bevestiging
2026-05-20 05:34:44,528 | WARNING | ANOMALIE | SOL/USDT | squeeze | Bollinger squeeze — grote move op komst, wacht op bevestiging
2026-05-20 05:38:03,866 | WARNING | ANOMALIE | BTC/USDT | squeeze | Bollinger squeeze — grote move op komst, wacht op bevestiging
2026-05-20 05:40:25,108 | WARNING | ANOMALIE | ETH/USDT | squeeze | Bollinger squeeze — grote move op komst, wacht op bevestiging
2026-05-20 05:40:27,555 | WARNING | ANOMALIE | SOL/USDT | squeeze | Bollinger squeeze — grote move op komst, wacht op bevestiging
2026-05-20 05:43:49,065 | WARNING | ANOMALIE | BTC/USDT | squeeze | Bollinger squeeze — grote move op komst, wacht op bevestiging
2026-05-20 05:46:11,458 | WARNING | ANOMALIE | ETH/USDT | squeeze | Bollinger squeeze — grote move op komst, wacht op bevestiging
2026-05-20 05:46:13,529 | WARNING | ANOMALIE | SOL/USDT | squeeze | Bollinger squeeze — grote move op komst, wacht op bevestiging
2026-05-20 05:49:32,383 | WARNING | ANOMALIE | BTC/USDT | squeeze | Bollinger squeeze — grote move op komst, wacht op bevestiging
2026-05-20 05:51:52,912 | WARNING | ANOMALIE | ETH/USDT | squeeze | Bollinger squeeze — grote move op komst, wacht op bevestiging
2026-05-20 05:51:54,955 | WARNING | ANOMALIE | SOL/USDT | squeeze | Bollinger squeeze — grote move op komst, wacht op bevestiging
2026-05-20 05:55:13,816 | WARNING | ANOMALIE | BTC/USDT | squeeze | Bollinger squeeze — grote move op komst, wacht op bevestiging
2026-05-20 05:57:33,962 | WARNING | ANOMALIE | ETH/USDT | squeeze | Bollinger squeeze — grote move op komst, wacht op bevestiging
2026-05-20 05:57:36,863 | WARNING | ANOMALIE | SOL/USDT | squeeze | Bollinger squeeze — grote move op komst, wacht op bevestiging
2026-05-20 06:00:55,801 | WARNING | ANOMALIE | BTC/USDT | squeeze | Bollinger squeeze — grote move op komst, wacht op bevestiging
2026-05-20 06:03:16,929 | WARNING | ANOMALIE | ETH/USDT | squeeze | Bollinger squeeze — grote move op komst, wacht op bevestiging
2026-05-20 06:03:19,604 | WARNING | ANOMALIE | SOL/USDT | squeeze | Bollinger squeeze — grote move op komst, wacht op bevestiging
2026-05-20 06:06:39,313 | WARNING | ANOMALIE | BTC/USDT | squeeze | Bollinger squeeze — grote move op komst, wacht op bevestiging
2026-05-20 06:09:03,210 | WARNING | ANOMALIE | ETH/USDT | squeeze | Bollinger squeeze — grote move op komst, wacht op bevestiging
2026-05-20 06:09:05,254 | WARNING | ANOMALIE | SOL/USDT | squeeze | Bollinger squeeze — grote move op komst, wacht op bevestiging
2026-05-20 06:12:24,914 | WARNING | ANOMALIE | BTC/USDT | squeeze | Bollinger squeeze — grote move op komst, wacht op bevestiging
2026-05-20 06:14:46,045 | WARNING | ANOMALIE | ETH/USDT | squeeze | Bollinger squeeze — grote move op komst, wacht op bevestiging
2026-05-20 06:14:48,054 | WARNING | ANOMALIE | SOL/USDT | squeeze | Bollinger squeeze — grote move op komst, wacht op bevestiging
2026-05-20 06:18:09,400 | WARNING | ANOMALIE | BTC/USDT | squeeze | Bollinger squeeze — grote move op komst, wacht op bevestiging
2026-05-20 06:20:31,712 | WARNING | ANOMALIE | ETH/USDT | squeeze | Bollinger squeeze — grote move op komst, wacht op bevestiging
2026-05-20 06:20:34,368 | WARNING | ANOMALIE | SOL/USDT | squeeze | Bollinger squeeze — grote move op komst, wacht op bevestiging
2026-05-20 06:23:53,865 | WARNING | ANOMALIE | BTC/USDT | squeeze | Bollinger squeeze — grote move op komst, wacht op bevestiging
2026-05-20 06:26:14,637 | WARNING | ANOMALIE | ETH/USDT | squeeze | Bollinger squeeze — grote move op komst, wacht op bevestiging
2026-05-20 06:26:16,643 | WARNING | ANOMALIE | SOL/USDT | squeeze | Bollinger squeeze — grote move op komst, wacht op bevestiging
2026-05-20 06:29:36,344 | WARNING | ANOMALIE | BTC/USDT | squeeze | Bollinger squeeze — grote move op komst, wacht op bevestiging
2026-05-20 06:31:57,332 | WARNING | ANOMALIE | ETH/USDT | squeeze | Bollinger squeeze — grote move op komst, wacht op bevestiging
2026-05-20 06:31:59,602 | WARNING | ANOMALIE | SOL/USDT | squeeze | Bollinger squeeze — grote move op komst, wacht op bevestiging
2026-05-20 06:35:18,644 | WARNING | ANOMALIE | BTC/USDT | squeeze | Bollinger squeeze — grote move op komst, wacht op bevestiging
2026-05-20 06:37:39,734 | WARNING | ANOMALIE | ETH/USDT | squeeze | Bollinger squeeze — grote move op komst, wacht op bevestiging
2026-05-20 06:37:42,050 | WARNING | ANOMALIE | SOL/USDT | squeeze | Bollinger squeeze — grote move op komst, wacht op bevestiging
2026-05-20 06:41:02,244 | WARNING | ANOMALIE | BTC/USDT | squeeze | Bollinger squeeze — grote move op komst, wacht op bevestiging
2026-05-20 06:43:24,146 | WARNING | ANOMALIE | ETH/USDT | squeeze | Bollinger squeeze — grote move op komst, wacht op bevestiging
2026-05-20 06:43:26,218 | WARNING | ANOMALIE | SOL/USDT | squeeze | Bollinger squeeze — grote move op komst, wacht op bevestiging
2026-05-20 06:46:46,301 | WARNING | ANOMALIE | BTC/USDT | squeeze | Bollinger squeeze — grote move op komst, wacht op bevestiging
2026-05-20 06:49:07,341 | WARNING | ANOMALIE | ETH/USDT | squeeze | Bollinger squeeze — grote move op komst, wacht op bevestiging
2026-05-20 06:49:09,342 | WARNING | ANOMALIE | SOL/USDT | squeeze | Bollinger squeeze — grote move op komst, wacht op bevestiging
2026-05-20 06:52:30,822 | WARNING | ANOMALIE | BTC/USDT | squeeze | Bollinger squeeze — grote move op komst, wacht op bevestiging
2026-05-20 06:54:52,630 | WARNING | ANOMALIE | ETH/USDT | squeeze | Bollinger squeeze — grote move op komst, wacht op bevestiging
2026-05-20 06:54:55,048 | WARNING | ANOMALIE | SOL/USDT | squeeze | Bollinger squeeze — grote move op komst, wacht op bevestiging
2026-05-20 06:58:15,148 | WARNING | ANOMALIE | BTC/USDT | squeeze | Bollinger squeeze — grote move op komst, wacht op bevestiging
2026-05-20 07:00:36,800 | WARNING | ANOMALIE | ETH/USDT | squeeze | Bollinger squeeze — grote move op komst, wacht op bevestiging
2026-05-20 07:00:39,046 | WARNING | ANOMALIE | SOL/USDT | squeeze | Bollinger squeeze — grote move op komst, wacht op bevestiging
2026-05-20 07:03:58,740 | WARNING | ANOMALIE | BTC/USDT | squeeze | Bollinger squeeze — grote move op komst, wacht op bevestiging
2026-05-20 07:06:20,190 | WARNING | ANOMALIE | ETH/USDT | squeeze | Bollinger squeeze — grote move op komst, wacht op bevestiging
2026-05-20 07:06:22,224 | WARNING | ANOMALIE | SOL/USDT | squeeze | Bollinger squeeze — grote move op komst, wacht op bevestiging
2026-05-20 07:09:41,685 | WARNING | ANOMALIE | BTC/USDT | squeeze | Bollinger squeeze — grote move op komst, wacht op bevestiging
2026-05-20 07:12:03,128 | WARNING | ANOMALIE | ETH/USDT | squeeze | Bollinger squeeze — grote move op komst, wacht op bevestiging
2026-05-20 07:12:05,166 | WARNING | ANOMALIE | SOL/USDT | squeeze | Bollinger squeeze — grote move op komst, wacht op bevestiging
2026-05-20 07:15:23,933 | WARNING | ANOMALIE | BTC/USDT | squeeze | Bollinger squeeze — grote move op komst, wacht op bevestiging
2026-05-20 07:17:44,836 | WARNING | ANOMALIE | ETH/USDT | squeeze | Bollinger squeeze — grote move op komst, wacht op bevestiging
2026-05-20 07:17:46,757 | WARNING | ANOMALIE | SOL/USDT | squeeze | Bollinger squeeze — grote move op komst, wacht op bevestiging
2026-05-20 07:21:06,649 | WARNING | ANOMALIE | BTC/USDT | squeeze | Bollinger squeeze — grote move op komst, wacht op bevestiging
2026-05-20 07:23:27,472 | WARNING | ANOMALIE | ETH/USDT | squeeze | Bollinger squeeze — grote move op komst, wacht op bevestiging
2026-05-20 07:23:29,351 | WARNING | ANOMALIE | SOL/USDT | squeeze | Bollinger squeeze — grote move op komst, wacht op bevestiging
2026-05-20 07:26:50,768 | WARNING | ANOMALIE | BTC/USDT | squeeze | Bollinger squeeze — grote move op komst, wacht op bevestiging
2026-05-20 07:29:12,246 | WARNING | ANOMALIE | ETH/USDT | squeeze | Bollinger squeeze — grote move op komst, wacht op bevestiging
2026-05-20 07:29:14,151 | WARNING | ANOMALIE | SOL/USDT | squeeze | Bollinger squeeze — grote move op komst, wacht op bevestiging
2026-05-20 07:32:33,186 | WARNING | ANOMALIE | BTC/USDT | squeeze | Bollinger squeeze — grote move op komst, wacht op bevestiging
2026-05-20 07:34:54,164 | WARNING | ANOMALIE | ETH/USDT | squeeze | Bollinger squeeze — grote move op komst, wacht op bevestiging
2026-05-20 07:34:56,053 | WARNING | ANOMALIE | SOL/USDT | squeeze | Bollinger squeeze — grote move op komst, wacht op bevestiging
2026-05-20 07:38:14,851 | WARNING | ANOMALIE | BTC/USDT | squeeze | Bollinger squeeze — grote move op komst, wacht op bevestiging
2026-05-20 07:40:35,225 | WARNING | ANOMALIE | ETH/USDT | squeeze | Bollinger squeeze — grote move op komst, wacht op bevestiging
2026-05-20 07:40:37,117 | WARNING | ANOMALIE | SOL/USDT | squeeze | Bollinger squeeze — grote move op komst, wacht op bevestiging
2026-05-20 07:43:56,679 | WARNING | ANOMALIE | BTC/USDT | squeeze | Bollinger squeeze — grote move op komst, wacht op bevestiging
2026-05-20 07:46:16,699 | WARNING | ANOMALIE | ETH/USDT | squeeze | Bollinger squeeze — grote move op komst, wacht op bevestiging
2026-05-20 07:46:18,691 | WARNING | ANOMALIE | SOL/USDT | squeeze | Bollinger squeeze — grote move op komst, wacht op bevestiging
2026-05-20 07:49:37,788 | WARNING | ANOMALIE | BTC/USDT | squeeze | Bollinger squeeze — grote move op komst, wacht op bevestiging
2026-05-20 07:51:57,638 | WARNING | ANOMALIE | ETH/USDT | squeeze | Bollinger squeeze — grote move op komst, wacht op bevestiging
2026-05-20 07:51:59,565 | WARNING | ANOMALIE | SOL/USDT | squeeze | Bollinger squeeze — grote move op komst, wacht op bevestiging
2026-05-20 07:55:18,586 | WARNING | ANOMALIE | BTC/USDT | squeeze | Bollinger squeeze — grote move op komst, wacht op bevestiging
2026-05-20 07:57:38,567 | WARNING | ANOMALIE | ETH/USDT | squeeze | Bollinger squeeze — grote move op komst, wacht op bevestiging
2026-05-20 07:57:40,968 | WARNING | ANOMALIE | SOL/USDT | squeeze | Bollinger squeeze — grote move op komst, wacht op bevestiging
2026-05-20 08:01:02,444 | WARNING | ANOMALIE | BTC/USDT | squeeze | Bollinger squeeze — grote move op komst, wacht op bevestiging
2026-05-20 08:03:22,845 | WARNING | ANOMALIE | ETH/USDT | squeeze | Bollinger squeeze — grote move op komst, wacht op bevestiging
2026-05-20 08:03:25,281 | WARNING | ANOMALIE | SOL/USDT | squeeze | Bollinger squeeze — grote move op komst, wacht op bevestiging
2026-05-20 08:06:44,089 | WARNING | ANOMALIE | BTC/USDT | squeeze | Bollinger squeeze — grote move op komst, wacht op bevestiging
2026-05-20 08:09:04,852 | WARNING | ANOMALIE | ETH/USDT | squeeze | Bollinger squeeze — grote move op komst, wacht op bevestiging
2026-05-20 08:09:07,131 | WARNING | ANOMALIE | SOL/USDT | squeeze | Bollinger squeeze — grote move op komst, wacht op bevestiging
2026-05-20 08:12:26,059 | WARNING | ANOMALIE | BTC/USDT | squeeze | Bollinger squeeze — grote move op komst, wacht op bevestiging
2026-05-20 08:14:46,871 | WARNING | ANOMALIE | ETH/USDT | squeeze | Bollinger squeeze — grote move op komst, wacht op bevestiging
2026-05-20 08:14:48,866 | WARNING | ANOMALIE | SOL/USDT | squeeze | Bollinger squeeze — grote move op komst, wacht op bevestiging
2026-05-20 08:18:08,341 | WARNING | ANOMALIE | BTC/USDT | squeeze | Bollinger squeeze — grote move op komst, wacht op bevestiging
2026-05-20 08:20:29,170 | WARNING | ANOMALIE | ETH/USDT | squeeze | Bollinger squeeze — grote move op komst, wacht op bevestiging
2026-05-20 08:20:31,194 | WARNING | ANOMALIE | SOL/USDT | squeeze | Bollinger squeeze — grote move op komst, wacht op bevestiging
2026-05-20 08:23:50,199 | WARNING | ANOMALIE | BTC/USDT | squeeze | Bollinger squeeze — grote move op komst, wacht op bevestiging
2026-05-20 08:26:13,324 | WARNING | ANOMALIE | ETH/USDT | squeeze | Bollinger squeeze — grote move op komst, wacht op bevestiging
2026-05-20 08:26:15,971 | WARNING | ANOMALIE | SOL/USDT | squeeze | Bollinger squeeze — grote move op komst, wacht op bevestiging
2026-05-20 08:29:35,090 | WARNING | ANOMALIE | BTC/USDT | squeeze | Bollinger squeeze — grote move op komst, wacht op bevestiging
2026-05-20 08:31:56,041 | WARNING | ANOMALIE | ETH/USDT | squeeze | Bollinger squeeze — grote move op komst, wacht op bevestiging
2026-05-20 08:31:58,167 | WARNING | ANOMALIE | SOL/USDT | squeeze | Bollinger squeeze — grote move op komst, wacht op bevestiging
2026-05-20 08:35:18,646 | WARNING | ANOMALIE | BTC/USDT | squeeze | Bollinger squeeze — grote move op komst, wacht op bevestiging
2026-05-20 08:37:39,708 | WARNING | ANOMALIE | ETH/USDT | squeeze | Bollinger squeeze — grote move op komst, wacht op bevestiging
2026-05-20 08:37:41,604 | WARNING | ANOMALIE | SOL/USDT | squeeze | Bollinger squeeze — grote move op komst, wacht op bevestiging
2026-05-20 08:41:00,639 | WARNING | ANOMALIE | BTC/USDT | squeeze | Bollinger squeeze — grote move op komst, wacht op bevestiging
2026-05-20 08:43:21,947 | WARNING | ANOMALIE | ETH/USDT | squeeze | Bollinger squeeze — grote move op komst, wacht op bevestiging
2026-05-20 08:43:24,525 | WARNING | ANOMALIE | SOL/USDT | squeeze | Bollinger squeeze — grote move op komst, wacht op bevestiging
2026-05-20 08:46:43,497 | WARNING | ANOMALIE | BTC/USDT | squeeze | Bollinger squeeze — grote move op komst, wacht op bevestiging
2026-05-20 08:49:04,288 | WARNING | ANOMALIE | ETH/USDT | squeeze | Bollinger squeeze — grote move op komst, wacht op bevestiging
2026-05-20 08:49:06,844 | WARNING | ANOMALIE | SOL/USDT | squeeze | Bollinger squeeze — grote move op komst, wacht op bevestiging
2026-05-20 08:52:25,417 | WARNING | ANOMALIE | BTC/USDT | squeeze | Bollinger squeeze — grote move op komst, wacht op bevestiging
2026-05-20 08:53:38,417 | INFO | TRADE | ETH/USDT | SHORT @ 2133.0782 | PnL: +0.00%
2026-05-20 08:54:46,618 | WARNING | ANOMALIE | ETH/USDT | squeeze | Bollinger squeeze — grote move op komst, wacht op bevestiging
2026-05-20 08:54:48,537 | WARNING | ANOMALIE | SOL/USDT | squeeze | Bollinger squeeze — grote move op komst, wacht op bevestiging
2026-05-20 08:58:07,705 | WARNING | ANOMALIE | BTC/USDT | squeeze | Bollinger squeeze — grote move op komst, wacht op bevestiging
2026-05-20 09:00:28,877 | WARNING | ANOMALIE | ETH/USDT | squeeze | Bollinger squeeze — grote move op komst, wacht op bevestiging
2026-05-20 09:00:31,018 | WARNING | ANOMALIE | SOL/USDT | squeeze | Bollinger squeeze — grote move op komst, wacht op bevestiging
2026-05-20 09:02:44,230 | INFO | TRADE | ETH/USDT | COVER @ 2132.4500 | PnL: +0.03%
2026-05-20 09:03:50,312 | WARNING | ANOMALIE | BTC/USDT | squeeze | Bollinger squeeze — grote move op komst, wacht op bevestiging
2026-05-20 09:06:12,716 | WARNING | ANOMALIE | ETH/USDT | squeeze | Bollinger squeeze — grote move op komst, wacht op bevestiging
2026-05-20 09:06:14,962 | WARNING | ANOMALIE | SOL/USDT | squeeze | Bollinger squeeze — grote move op komst, wacht op bevestiging
2026-05-20 09:09:36,306 | WARNING | ANOMALIE | BTC/USDT | squeeze | Bollinger squeeze — grote move op komst, wacht op bevestiging
2026-05-20 09:12:02,552 | WARNING | ANOMALIE | ETH/USDT | squeeze | Bollinger squeeze — grote move op komst, wacht op bevestiging
2026-05-20 09:12:05,536 | WARNING | ANOMALIE | SOL/USDT | squeeze | Bollinger squeeze — grote move op komst, wacht op bevestiging
2026-05-20 09:15:26,004 | WARNING | ANOMALIE | BTC/USDT | squeeze | Bollinger squeeze — grote move op komst, wacht op bevestiging
2026-05-20 09:17:48,563 | WARNING | ANOMALIE | ETH/USDT | squeeze | Bollinger squeeze — grote move op komst, wacht op bevestiging
2026-05-20 09:17:50,688 | WARNING | ANOMALIE | SOL/USDT | squeeze | Bollinger squeeze — grote move op komst, wacht op bevestiging
2026-05-20 09:21:11,519 | WARNING | ANOMALIE | BTC/USDT | squeeze | Bollinger squeeze — grote move op komst, wacht op bevestiging
2026-05-20 09:23:34,643 | WARNING | ANOMALIE | ETH/USDT | squeeze | Bollinger squeeze — grote move op komst, wacht op bevestiging
2026-05-20 09:23:36,705 | WARNING | ANOMALIE | SOL/USDT | squeeze | Bollinger squeeze — grote move op komst, wacht op bevestiging
2026-05-20 09:24:42,495 | INFO | TRADE | ETH/USDT | SHORT @ 2135.6391 | PnL: +0.00%
2026-05-20 09:25:50,577 | INFO | TRADE | ETH/USDT | COVER @ 2135.3600 | PnL: +0.01%
2026-05-20 09:26:56,479 | WARNING | ANOMALIE | BTC/USDT | squeeze | Bollinger squeeze — grote move op komst, wacht op bevestiging
2026-05-20 09:29:18,592 | WARNING | ANOMALIE | ETH/USDT | squeeze | Bollinger squeeze — grote move op komst, wacht op bevestiging
2026-05-20 09:29:20,981 | WARNING | ANOMALIE | SOL/USDT | squeeze | Bollinger squeeze — grote move op komst, wacht op bevestiging
2026-05-20 09:32:40,400 | WARNING | ANOMALIE | BTC/USDT | squeeze | Bollinger squeeze — grote move op komst, wacht op bevestiging
2026-05-20 09:35:01,602 | WARNING | ANOMALIE | ETH/USDT | squeeze | Bollinger squeeze — grote move op komst, wacht op bevestiging
2026-05-20 09:35:03,988 | WARNING | ANOMALIE | SOL/USDT | squeeze | Bollinger squeeze — grote move op komst, wacht op bevestiging
