2026-05-16 23:50:17,334 | INFO | Adaptieve gewichten hersteld — 63 samples geladen
2026-05-16 23:50:17,339 | INFO | Auto-hertraining gepland elke 84 uur
2026-05-16 23:50:17,340 | INFO | Bot state hersteld — 3 SL cooldowns | Circuit breaker: inactief | Daily SL vandaag: 0/3
2026-05-16 23:50:17,349 | INFO | Equity curve hersteld — 1440 punten
2026-05-16 23:50:17,351 | INFO | Monster Bot gestart | PAPER TRADING | ['BTC/USDT', 'ETH/USDT', 'SOL/USDT']
2026-05-16 23:51:10,761 | INFO | Adaptieve gewichten hersteld — 63 samples geladen
2026-05-16 23:51:10,766 | INFO | Auto-hertraining gepland elke 84 uur
2026-05-16 23:51:10,767 | INFO | Bot state hersteld — 3 SL cooldowns | Circuit breaker: inactief | Daily SL vandaag: 0/3
2026-05-16 23:51:10,777 | INFO | Equity curve hersteld — 1440 punten
2026-05-16 23:51:10,779 | INFO | Monster Bot gestart | PAPER TRADING | ['BTC/USDT', 'ETH/USDT', 'SOL/USDT']
2026-05-16 23:55:14,768 | INFO | Adaptieve gewichten hersteld — 63 samples geladen
2026-05-16 23:55:14,773 | INFO | Auto-hertraining gepland elke 84 uur
2026-05-16 23:55:14,774 | INFO | Bot state hersteld — 3 SL cooldowns | Circuit breaker: inactief | Daily SL vandaag: 0/3
2026-05-16 23:55:14,783 | INFO | Equity curve hersteld — 1440 punten
2026-05-16 23:55:14,785 | INFO | Monster Bot gestart | PAPER TRADING | ['BTC/USDT', 'ETH/USDT', 'SOL/USDT']
2026-05-16 23:59:26,149 | INFO | Adaptieve gewichten hersteld — 63 samples geladen
2026-05-16 23:59:26,158 | INFO | Auto-hertraining gepland elke 84 uur
2026-05-16 23:59:26,159 | INFO | Bot state hersteld — 3 SL cooldowns | Circuit breaker: inactief | Daily SL vandaag: 0/3
2026-05-16 23:59:26,175 | INFO | Equity curve hersteld — 1440 punten
2026-05-16 23:59:26,184 | INFO | Monster Bot gestart | PAPER TRADING | ['BTC/USDT', 'ETH/USDT', 'SOL/USDT']
