2026-04-28 17:45:36,322 | INFO | Auto-hertraining gepland elke 24 uur
2026-04-28 17:45:36,322 | INFO | Monster Bot gestart | PAPER TRADING | ['BTC/USDT', 'ETH/USDT', 'SOL/USDT']
2026-04-28 17:45:44,954 | WARNING | ANOMALIE | ETH/USDT | AnomalyType.SQUEEZE | Bollinger squeeze — grote move op komst, wacht op bevestiging
2026-04-28 17:45:46,287 | INFO | TRADE | ETH/USDT | SHORT @ 2274.8100 | PnL: +0.00%
2026-04-28 17:45:48,591 | INFO | TRADE | SOL/USDT | SHORT @ 83.3400 | PnL: +0.00%
2026-04-28 17:46:50,823 | WARNING | ANOMALIE | ETH/USDT | AnomalyType.SQUEEZE | Bollinger squeeze — grote move op komst, wacht op bevestiging
2026-04-28 17:47:53,306 | WARNING | ANOMALIE | ETH/USDT | AnomalyType.SQUEEZE | Bollinger squeeze — grote move op komst, wacht op bevestiging
2026-04-28 17:48:55,756 | WARNING | ANOMALIE | ETH/USDT | AnomalyType.SQUEEZE | Bollinger squeeze — grote move op komst, wacht op bevestiging
2026-04-28 17:49:58,207 | WARNING | ANOMALIE | ETH/USDT | AnomalyType.SQUEEZE | Bollinger squeeze — grote move op komst, wacht op bevestiging
2026-04-28 17:51:02,487 | WARNING | ANOMALIE | ETH/USDT | AnomalyType.SQUEEZE | Bollinger squeeze — grote move op komst, wacht op bevestiging
2026-04-28 17:52:07,657 | WARNING | ANOMALIE | ETH/USDT | AnomalyType.SQUEEZE | Bollinger squeeze — grote move op komst, wacht op bevestiging
2026-04-28 17:52:08,227 | WARNING | ANOMALIE | SOL/USDT | AnomalyType.SQUEEZE | Bollinger squeeze — grote move op komst, wacht op bevestiging
2026-04-28 17:53:10,147 | WARNING | ANOMALIE | ETH/USDT | AnomalyType.SQUEEZE | Bollinger squeeze — grote move op komst, wacht op bevestiging
2026-04-28 17:53:10,891 | WARNING | ANOMALIE | SOL/USDT | AnomalyType.SQUEEZE | Bollinger squeeze — grote move op komst, wacht op bevestiging
2026-04-28 17:54:12,744 | WARNING | ANOMALIE | ETH/USDT | AnomalyType.SQUEEZE | Bollinger squeeze — grote move op komst, wacht op bevestiging
2026-04-28 17:54:13,331 | WARNING | ANOMALIE | SOL/USDT | AnomalyType.SQUEEZE | Bollinger squeeze — grote move op komst, wacht op bevestiging
2026-04-28 17:55:15,458 | WARNING | ANOMALIE | ETH/USDT | AnomalyType.SQUEEZE | Bollinger squeeze — grote move op komst, wacht op bevestiging
2026-04-28 17:55:16,024 | WARNING | ANOMALIE | SOL/USDT | AnomalyType.SQUEEZE | Bollinger squeeze — grote move op komst, wacht op bevestiging
2026-04-28 17:56:20,429 | WARNING | ANOMALIE | ETH/USDT | AnomalyType.SQUEEZE | Bollinger squeeze — grote move op komst, wacht op bevestiging
2026-04-28 17:57:25,589 | WARNING | ANOMALIE | ETH/USDT | AnomalyType.SQUEEZE | Bollinger squeeze — grote move op komst, wacht op bevestiging
2026-04-28 17:57:26,158 | WARNING | ANOMALIE | SOL/USDT | AnomalyType.SQUEEZE | Bollinger squeeze — grote move op komst, wacht op bevestiging
2026-04-28 17:58:28,075 | WARNING | ANOMALIE | ETH/USDT | AnomalyType.SQUEEZE | Bollinger squeeze — grote move op komst, wacht op bevestiging
2026-04-28 17:59:30,780 | WARNING | ANOMALIE | ETH/USDT | AnomalyType.SQUEEZE | Bollinger squeeze — grote move op komst, wacht op bevestiging
2026-04-28 18:00:33,432 | WARNING | ANOMALIE | ETH/USDT | AnomalyType.SQUEEZE | Bollinger squeeze — grote move op komst, wacht op bevestiging
2026-04-28 18:01:37,209 | WARNING | ANOMALIE | ETH/USDT | AnomalyType.SQUEEZE | Bollinger squeeze — grote move op komst, wacht op bevestiging
2026-04-28 18:02:42,443 | WARNING | ANOMALIE | ETH/USDT | AnomalyType.SQUEEZE | Bollinger squeeze — grote move op komst, wacht op bevestiging
2026-04-28 18:03:44,873 | WARNING | ANOMALIE | ETH/USDT | AnomalyType.SQUEEZE | Bollinger squeeze — grote move op komst, wacht op bevestiging
2026-04-28 18:04:47,304 | WARNING | ANOMALIE | ETH/USDT | AnomalyType.SQUEEZE | Bollinger squeeze — grote move op komst, wacht op bevestiging
2026-04-28 18:05:49,956 | WARNING | ANOMALIE | ETH/USDT | AnomalyType.SQUEEZE | Bollinger squeeze — grote move op komst, wacht op bevestiging
2026-04-28 18:06:54,074 | WARNING | ANOMALIE | ETH/USDT | AnomalyType.SQUEEZE | Bollinger squeeze — grote move op komst, wacht op bevestiging
2026-04-28 18:07:59,228 | WARNING | ANOMALIE | ETH/USDT | AnomalyType.SQUEEZE | Bollinger squeeze — grote move op komst, wacht op bevestiging
2026-04-28 18:09:01,672 | WARNING | ANOMALIE | ETH/USDT | AnomalyType.SQUEEZE | Bollinger squeeze — grote move op komst, wacht op bevestiging
2026-04-28 18:10:04,542 | WARNING | ANOMALIE | ETH/USDT | AnomalyType.SQUEEZE | Bollinger squeeze — grote move op komst, wacht op bevestiging
2026-04-28 18:11:07,213 | WARNING | ANOMALIE | ETH/USDT | AnomalyType.SQUEEZE | Bollinger squeeze — grote move op komst, wacht op bevestiging
2026-04-28 18:12:11,031 | WARNING | ANOMALIE | ETH/USDT | AnomalyType.SQUEEZE | Bollinger squeeze — grote move op komst, wacht op bevestiging
2026-04-28 18:13:16,356 | WARNING | ANOMALIE | ETH/USDT | AnomalyType.SQUEEZE | Bollinger squeeze — grote move op komst, wacht op bevestiging
2026-04-28 18:14:18,828 | WARNING | ANOMALIE | ETH/USDT | AnomalyType.SQUEEZE | Bollinger squeeze — grote move op komst, wacht op bevestiging
2026-04-28 18:15:21,243 | WARNING | ANOMALIE | ETH/USDT | AnomalyType.SQUEEZE | Bollinger squeeze — grote move op komst, wacht op bevestiging
2026-04-28 18:16:23,739 | WARNING | ANOMALIE | ETH/USDT | AnomalyType.SQUEEZE | Bollinger squeeze — grote move op komst, wacht op bevestiging
2026-04-28 18:17:27,912 | WARNING | ANOMALIE | ETH/USDT | AnomalyType.SQUEEZE | Bollinger squeeze — grote move op komst, wacht op bevestiging
2026-04-28 18:18:33,031 | WARNING | ANOMALIE | ETH/USDT | AnomalyType.SQUEEZE | Bollinger squeeze — grote move op komst, wacht op bevestiging
2026-04-28 18:19:35,430 | WARNING | ANOMALIE | ETH/USDT | AnomalyType.SQUEEZE | Bollinger squeeze — grote move op komst, wacht op bevestiging
2026-04-28 18:20:38,068 | WARNING | ANOMALIE | ETH/USDT | AnomalyType.SQUEEZE | Bollinger squeeze — grote move op komst, wacht op bevestiging
2026-04-28 18:21:40,488 | WARNING | ANOMALIE | ETH/USDT | AnomalyType.SQUEEZE | Bollinger squeeze — grote move op komst, wacht op bevestiging
2026-04-28 18:22:44,453 | WARNING | ANOMALIE | ETH/USDT | AnomalyType.SQUEEZE | Bollinger squeeze — grote move op komst, wacht op bevestiging
2026-04-28 18:23:49,712 | WARNING | ANOMALIE | ETH/USDT | AnomalyType.SQUEEZE | Bollinger squeeze — grote move op komst, wacht op bevestiging
2026-04-28 18:24:52,107 | WARNING | ANOMALIE | ETH/USDT | AnomalyType.SQUEEZE | Bollinger squeeze — grote move op komst, wacht op bevestiging
2026-04-28 18:25:54,514 | WARNING | ANOMALIE | ETH/USDT | AnomalyType.SQUEEZE | Bollinger squeeze — grote move op komst, wacht op bevestiging
2026-04-28 18:26:56,974 | WARNING | ANOMALIE | ETH/USDT | AnomalyType.SQUEEZE | Bollinger squeeze — grote move op komst, wacht op bevestiging
2026-04-28 18:28:01,077 | WARNING | ANOMALIE | ETH/USDT | AnomalyType.SQUEEZE | Bollinger squeeze — grote move op komst, wacht op bevestiging
2026-04-28 18:29:06,294 | WARNING | ANOMALIE | ETH/USDT | AnomalyType.SQUEEZE | Bollinger squeeze — grote move op komst, wacht op bevestiging
2026-04-28 18:30:08,725 | WARNING | ANOMALIE | ETH/USDT | AnomalyType.SQUEEZE | Bollinger squeeze — grote move op komst, wacht op bevestiging
2026-04-28 18:31:11,154 | WARNING | ANOMALIE | ETH/USDT | AnomalyType.SQUEEZE | Bollinger squeeze — grote move op komst, wacht op bevestiging
2026-04-28 18:32:13,567 | WARNING | ANOMALIE | ETH/USDT | AnomalyType.SQUEEZE | Bollinger squeeze — grote move op komst, wacht op bevestiging
2026-04-28 18:33:16,749 | INFO | TRADE | BTC/USDT | BUY @ 75954.3700 | PnL: +0.00%
2026-04-28 18:33:17,665 | WARNING | ANOMALIE | ETH/USDT | AnomalyType.SQUEEZE | Bollinger squeeze — grote move op komst, wacht op bevestiging
2026-04-28 18:34:25,041 | WARNING | ANOMALIE | ETH/USDT | AnomalyType.SQUEEZE | Bollinger squeeze — grote move op komst, wacht op bevestiging
2026-04-28 18:35:28,776 | WARNING | ANOMALIE | ETH/USDT | AnomalyType.SQUEEZE | Bollinger squeeze — grote move op komst, wacht op bevestiging
2026-04-28 18:36:31,399 | WARNING | ANOMALIE | ETH/USDT | AnomalyType.SQUEEZE | Bollinger squeeze — grote move op komst, wacht op bevestiging
2026-04-28 18:37:33,841 | WARNING | ANOMALIE | ETH/USDT | AnomalyType.SQUEEZE | Bollinger squeeze — grote move op komst, wacht op bevestiging
2026-04-28 18:38:38,005 | WARNING | ANOMALIE | ETH/USDT | AnomalyType.SQUEEZE | Bollinger squeeze — grote move op komst, wacht op bevestiging
2026-04-28 18:39:43,224 | WARNING | ANOMALIE | ETH/USDT | AnomalyType.SQUEEZE | Bollinger squeeze — grote move op komst, wacht op bevestiging
2026-04-28 18:40:45,635 | WARNING | ANOMALIE | ETH/USDT | AnomalyType.SQUEEZE | Bollinger squeeze — grote move op komst, wacht op bevestiging
2026-04-28 18:41:48,050 | WARNING | ANOMALIE | ETH/USDT | AnomalyType.SQUEEZE | Bollinger squeeze — grote move op komst, wacht op bevestiging
2026-04-28 18:42:50,700 | WARNING | ANOMALIE | ETH/USDT | AnomalyType.SQUEEZE | Bollinger squeeze — grote move op komst, wacht op bevestiging
2026-04-28 18:43:54,442 | WARNING | ANOMALIE | ETH/USDT | AnomalyType.SQUEEZE | Bollinger squeeze — grote move op komst, wacht op bevestiging
2026-04-28 18:44:59,545 | WARNING | ANOMALIE | ETH/USDT | AnomalyType.SQUEEZE | Bollinger squeeze — grote move op komst, wacht op bevestiging
2026-04-28 18:46:01,943 | WARNING | ANOMALIE | ETH/USDT | AnomalyType.SQUEEZE | Bollinger squeeze — grote move op komst, wacht op bevestiging
2026-04-28 18:47:04,350 | WARNING | ANOMALIE | ETH/USDT | AnomalyType.SQUEEZE | Bollinger squeeze — grote move op komst, wacht op bevestiging
2026-04-28 18:48:07,021 | WARNING | ANOMALIE | ETH/USDT | AnomalyType.SQUEEZE | Bollinger squeeze — grote move op komst, wacht op bevestiging
2026-04-28 18:49:11,986 | WARNING | ANOMALIE | ETH/USDT | AnomalyType.SQUEEZE | Bollinger squeeze — grote move op komst, wacht op bevestiging
2026-04-28 18:50:17,341 | WARNING | ANOMALIE | ETH/USDT | AnomalyType.SQUEEZE | Bollinger squeeze — grote move op komst, wacht op bevestiging
2026-04-28 18:51:19,775 | WARNING | ANOMALIE | ETH/USDT | AnomalyType.SQUEEZE | Bollinger squeeze — grote move op komst, wacht op bevestiging
2026-04-28 18:52:22,879 | WARNING | ANOMALIE | ETH/USDT | AnomalyType.SQUEEZE | Bollinger squeeze — grote move op komst, wacht op bevestiging
2026-04-28 18:53:25,315 | WARNING | ANOMALIE | ETH/USDT | AnomalyType.SQUEEZE | Bollinger squeeze — grote move op komst, wacht op bevestiging
2026-04-28 18:54:29,305 | WARNING | ANOMALIE | ETH/USDT | AnomalyType.SQUEEZE | Bollinger squeeze — grote move op komst, wacht op bevestiging
2026-04-28 18:55:35,077 | WARNING | ANOMALIE | ETH/USDT | AnomalyType.SQUEEZE | Bollinger squeeze — grote move op komst, wacht op bevestiging
2026-04-28 18:56:37,494 | WARNING | ANOMALIE | ETH/USDT | AnomalyType.SQUEEZE | Bollinger squeeze — grote move op komst, wacht op bevestiging
2026-04-28 18:57:39,911 | WARNING | ANOMALIE | ETH/USDT | AnomalyType.SQUEEZE | Bollinger squeeze — grote move op komst, wacht op bevestiging
2026-04-28 18:58:42,346 | WARNING | ANOMALIE | ETH/USDT | AnomalyType.SQUEEZE | Bollinger squeeze — grote move op komst, wacht op bevestiging
2026-04-28 18:59:47,163 | WARNING | ANOMALIE | ETH/USDT | AnomalyType.SQUEEZE | Bollinger squeeze — grote move op komst, wacht op bevestiging
2026-04-28 19:00:52,279 | WARNING | ANOMALIE | ETH/USDT | AnomalyType.SQUEEZE | Bollinger squeeze — grote move op komst, wacht op bevestiging
2026-04-28 19:01:54,896 | WARNING | ANOMALIE | ETH/USDT | AnomalyType.SQUEEZE | Bollinger squeeze — grote move op komst, wacht op bevestiging
2026-04-28 19:02:57,317 | WARNING | ANOMALIE | ETH/USDT | AnomalyType.SQUEEZE | Bollinger squeeze — grote move op komst, wacht op bevestiging
2026-04-28 19:03:59,749 | WARNING | ANOMALIE | ETH/USDT | AnomalyType.SQUEEZE | Bollinger squeeze — grote move op komst, wacht op bevestiging
2026-04-28 19:05:03,678 | WARNING | ANOMALIE | ETH/USDT | AnomalyType.SQUEEZE | Bollinger squeeze — grote move op komst, wacht op bevestiging
2026-04-28 19:06:08,911 | WARNING | ANOMALIE | ETH/USDT | AnomalyType.SQUEEZE | Bollinger squeeze — grote move op komst, wacht op bevestiging
2026-04-28 19:07:11,383 | WARNING | ANOMALIE | ETH/USDT | AnomalyType.SQUEEZE | Bollinger squeeze — grote move op komst, wacht op bevestiging
2026-04-28 19:08:13,780 | WARNING | ANOMALIE | ETH/USDT | AnomalyType.SQUEEZE | Bollinger squeeze — grote move op komst, wacht op bevestiging
2026-04-28 19:09:16,329 | WARNING | ANOMALIE | ETH/USDT | AnomalyType.SQUEEZE | Bollinger squeeze — grote move op komst, wacht op bevestiging
2026-04-28 19:10:21,902 | WARNING | ANOMALIE | ETH/USDT | AnomalyType.SQUEEZE | Bollinger squeeze — grote move op komst, wacht op bevestiging
2026-04-28 19:11:27,053 | WARNING | ANOMALIE | ETH/USDT | AnomalyType.SQUEEZE | Bollinger squeeze — grote move op komst, wacht op bevestiging
2026-04-28 19:12:29,493 | WARNING | ANOMALIE | ETH/USDT | AnomalyType.SQUEEZE | Bollinger squeeze — grote move op komst, wacht op bevestiging
2026-04-28 19:13:31,891 | WARNING | ANOMALIE | ETH/USDT | AnomalyType.SQUEEZE | Bollinger squeeze — grote move op komst, wacht op bevestiging
2026-04-28 19:14:34,354 | WARNING | ANOMALIE | ETH/USDT | AnomalyType.SQUEEZE | Bollinger squeeze — grote move op komst, wacht op bevestiging
2026-04-28 19:15:38,119 | WARNING | ANOMALIE | ETH/USDT | AnomalyType.SQUEEZE | Bollinger squeeze — grote move op komst, wacht op bevestiging
2026-04-28 19:16:43,655 | WARNING | ANOMALIE | ETH/USDT | AnomalyType.SQUEEZE | Bollinger squeeze — grote move op komst, wacht op bevestiging
2026-04-28 19:17:46,088 | WARNING | ANOMALIE | ETH/USDT | AnomalyType.SQUEEZE | Bollinger squeeze — grote move op komst, wacht op bevestiging
2026-04-28 19:18:48,547 | WARNING | ANOMALIE | ETH/USDT | AnomalyType.SQUEEZE | Bollinger squeeze — grote move op komst, wacht op bevestiging
2026-04-28 19:19:50,994 | WARNING | ANOMALIE | ETH/USDT | AnomalyType.SQUEEZE | Bollinger squeeze — grote move op komst, wacht op bevestiging
2026-04-28 19:20:55,384 | WARNING | ANOMALIE | ETH/USDT | AnomalyType.SQUEEZE | Bollinger squeeze — grote move op komst, wacht op bevestiging
2026-04-28 19:22:00,549 | WARNING | ANOMALIE | ETH/USDT | AnomalyType.SQUEEZE | Bollinger squeeze — grote move op komst, wacht op bevestiging
2026-04-28 19:23:03,025 | WARNING | ANOMALIE | ETH/USDT | AnomalyType.SQUEEZE | Bollinger squeeze — grote move op komst, wacht op bevestiging
2026-04-28 19:24:05,470 | WARNING | ANOMALIE | ETH/USDT | AnomalyType.SQUEEZE | Bollinger squeeze — grote move op komst, wacht op bevestiging
2026-04-28 19:25:07,901 | WARNING | ANOMALIE | ETH/USDT | AnomalyType.SQUEEZE | Bollinger squeeze — grote move op komst, wacht op bevestiging
2026-04-28 19:26:11,703 | WARNING | ANOMALIE | ETH/USDT | AnomalyType.SQUEEZE | Bollinger squeeze — grote move op komst, wacht op bevestiging
2026-04-28 19:27:16,921 | WARNING | ANOMALIE | ETH/USDT | AnomalyType.SQUEEZE | Bollinger squeeze — grote move op komst, wacht op bevestiging
2026-04-28 19:28:19,357 | WARNING | ANOMALIE | ETH/USDT | AnomalyType.SQUEEZE | Bollinger squeeze — grote move op komst, wacht op bevestiging
2026-04-28 19:29:21,818 | WARNING | ANOMALIE | ETH/USDT | AnomalyType.SQUEEZE | Bollinger squeeze — grote move op komst, wacht op bevestiging
2026-04-28 19:30:24,256 | WARNING | ANOMALIE | ETH/USDT | AnomalyType.SQUEEZE | Bollinger squeeze — grote move op komst, wacht op bevestiging
2026-04-28 19:31:29,005 | WARNING | ANOMALIE | ETH/USDT | AnomalyType.SQUEEZE | Bollinger squeeze — grote move op komst, wacht op bevestiging
2026-04-28 19:32:34,835 | WARNING | ANOMALIE | ETH/USDT | AnomalyType.SQUEEZE | Bollinger squeeze — grote move op komst, wacht op bevestiging
2026-04-28 19:33:37,272 | WARNING | ANOMALIE | ETH/USDT | AnomalyType.SQUEEZE | Bollinger squeeze — grote move op komst, wacht op bevestiging
2026-04-28 19:34:39,832 | WARNING | ANOMALIE | ETH/USDT | AnomalyType.SQUEEZE | Bollinger squeeze — grote move op komst, wacht op bevestiging
2026-04-28 19:35:43,275 | WARNING | ANOMALIE | ETH/USDT | AnomalyType.SQUEEZE | Bollinger squeeze — grote move op komst, wacht op bevestiging
2026-04-28 19:36:47,681 | WARNING | ANOMALIE | ETH/USDT | AnomalyType.SQUEEZE | Bollinger squeeze — grote move op komst, wacht op bevestiging
2026-04-28 19:37:53,431 | WARNING | ANOMALIE | ETH/USDT | AnomalyType.SQUEEZE | Bollinger squeeze — grote move op komst, wacht op bevestiging
2026-04-28 19:38:56,663 | WARNING | ANOMALIE | ETH/USDT | AnomalyType.SQUEEZE | Bollinger squeeze — grote move op komst, wacht op bevestiging
2026-04-28 19:39:59,206 | WARNING | ANOMALIE | ETH/USDT | AnomalyType.SQUEEZE | Bollinger squeeze — grote move op komst, wacht op bevestiging
2026-04-28 19:41:01,761 | WARNING | ANOMALIE | ETH/USDT | AnomalyType.SQUEEZE | Bollinger squeeze — grote move op komst, wacht op bevestiging
2026-04-28 19:42:06,193 | WARNING | ANOMALIE | ETH/USDT | AnomalyType.SQUEEZE | Bollinger squeeze — grote move op komst, wacht op bevestiging
2026-04-28 19:43:11,966 | WARNING | ANOMALIE | ETH/USDT | AnomalyType.SQUEEZE | Bollinger squeeze — grote move op komst, wacht op bevestiging
2026-04-28 19:44:14,521 | WARNING | ANOMALIE | ETH/USDT | AnomalyType.SQUEEZE | Bollinger squeeze — grote move op komst, wacht op bevestiging
2026-04-28 19:45:17,053 | WARNING | ANOMALIE | ETH/USDT | AnomalyType.SQUEEZE | Bollinger squeeze — grote move op komst, wacht op bevestiging
2026-04-28 19:46:19,597 | WARNING | ANOMALIE | ETH/USDT | AnomalyType.SQUEEZE | Bollinger squeeze — grote move op komst, wacht op bevestiging
2026-04-28 19:47:24,118 | WARNING | ANOMALIE | ETH/USDT | AnomalyType.SQUEEZE | Bollinger squeeze — grote move op komst, wacht op bevestiging
2026-04-28 19:48:29,629 | WARNING | ANOMALIE | ETH/USDT | AnomalyType.SQUEEZE | Bollinger squeeze — grote move op komst, wacht op bevestiging
2026-04-28 19:49:32,136 | WARNING | ANOMALIE | ETH/USDT | AnomalyType.SQUEEZE | Bollinger squeeze — grote move op komst, wacht op bevestiging
2026-04-28 19:50:34,904 | WARNING | ANOMALIE | ETH/USDT | AnomalyType.SQUEEZE | Bollinger squeeze — grote move op komst, wacht op bevestiging
2026-04-28 19:51:37,434 | WARNING | ANOMALIE | ETH/USDT | AnomalyType.SQUEEZE | Bollinger squeeze — grote move op komst, wacht op bevestiging
2026-04-28 19:52:42,788 | WARNING | ANOMALIE | ETH/USDT | AnomalyType.SQUEEZE | Bollinger squeeze — grote move op komst, wacht op bevestiging
2026-04-28 19:53:48,339 | WARNING | ANOMALIE | ETH/USDT | AnomalyType.SQUEEZE | Bollinger squeeze — grote move op komst, wacht op bevestiging
2026-04-28 19:54:50,901 | WARNING | ANOMALIE | ETH/USDT | AnomalyType.SQUEEZE | Bollinger squeeze — grote move op komst, wacht op bevestiging
2026-04-28 19:55:53,697 | WARNING | ANOMALIE | ETH/USDT | AnomalyType.SQUEEZE | Bollinger squeeze — grote move op komst, wacht op bevestiging
2026-04-28 19:56:56,467 | WARNING | ANOMALIE | ETH/USDT | AnomalyType.SQUEEZE | Bollinger squeeze — grote move op komst, wacht op bevestiging
2026-04-28 19:58:00,562 | WARNING | ANOMALIE | ETH/USDT | AnomalyType.SQUEEZE | Bollinger squeeze — grote move op komst, wacht op bevestiging
2026-04-28 19:59:06,970 | WARNING | ANOMALIE | ETH/USDT | AnomalyType.SQUEEZE | Bollinger squeeze — grote move op komst, wacht op bevestiging
2026-04-28 20:00:09,969 | WARNING | ANOMALIE | ETH/USDT | AnomalyType.SQUEEZE | Bollinger squeeze — grote move op komst, wacht op bevestiging
2026-04-28 20:00:10,541 | WARNING | ANOMALIE | SOL/USDT | AnomalyType.SQUEEZE | Bollinger squeeze — grote move op komst, wacht op bevestiging
2026-04-28 20:01:12,482 | WARNING | ANOMALIE | ETH/USDT | AnomalyType.SQUEEZE | Bollinger squeeze — grote move op komst, wacht op bevestiging
2026-04-28 20:01:13,074 | WARNING | ANOMALIE | SOL/USDT | AnomalyType.SQUEEZE | Bollinger squeeze — grote move op komst, wacht op bevestiging
2026-04-28 20:02:15,008 | WARNING | ANOMALIE | ETH/USDT | AnomalyType.SQUEEZE | Bollinger squeeze — grote move op komst, wacht op bevestiging
2026-04-28 20:02:16,290 | WARNING | ANOMALIE | SOL/USDT | AnomalyType.SQUEEZE | Bollinger squeeze — grote move op komst, wacht op bevestiging
2026-04-28 20:03:20,448 | WARNING | ANOMALIE | ETH/USDT | AnomalyType.SQUEEZE | Bollinger squeeze — grote move op komst, wacht op bevestiging
2026-04-28 20:03:22,701 | WARNING | ANOMALIE | SOL/USDT | AnomalyType.SQUEEZE | Bollinger squeeze — grote move op komst, wacht op bevestiging
2026-04-28 20:04:26,195 | WARNING | ANOMALIE | ETH/USDT | AnomalyType.SQUEEZE | Bollinger squeeze — grote move op komst, wacht op bevestiging
2026-04-28 20:04:26,783 | WARNING | ANOMALIE | SOL/USDT | AnomalyType.SQUEEZE | Bollinger squeeze — grote move op komst, wacht op bevestiging
2026-04-28 20:05:29,300 | WARNING | ANOMALIE | ETH/USDT | AnomalyType.SQUEEZE | Bollinger squeeze — grote move op komst, wacht op bevestiging
2026-04-28 20:05:29,897 | WARNING | ANOMALIE | SOL/USDT | AnomalyType.SQUEEZE | Bollinger squeeze — grote move op komst, wacht op bevestiging
2026-04-28 20:06:32,323 | WARNING | ANOMALIE | ETH/USDT | AnomalyType.SQUEEZE | Bollinger squeeze — grote move op komst, wacht op bevestiging
2026-04-28 20:06:32,939 | WARNING | ANOMALIE | SOL/USDT | AnomalyType.SQUEEZE | Bollinger squeeze — grote move op komst, wacht op bevestiging
2026-04-28 20:07:34,903 | WARNING | ANOMALIE | ETH/USDT | AnomalyType.SQUEEZE | Bollinger squeeze — grote move op komst, wacht op bevestiging
2026-04-28 20:07:35,718 | WARNING | ANOMALIE | SOL/USDT | AnomalyType.SQUEEZE | Bollinger squeeze — grote move op komst, wacht op bevestiging
2026-04-28 20:08:39,177 | WARNING | ANOMALIE | ETH/USDT | AnomalyType.SQUEEZE | Bollinger squeeze — grote move op komst, wacht op bevestiging
2026-04-28 20:08:41,280 | WARNING | ANOMALIE | SOL/USDT | AnomalyType.SQUEEZE | Bollinger squeeze — grote move op komst, wacht op bevestiging
2026-04-28 20:09:44,700 | WARNING | ANOMALIE | ETH/USDT | AnomalyType.SQUEEZE | Bollinger squeeze — grote move op komst, wacht op bevestiging
2026-04-28 20:09:46,026 | WARNING | ANOMALIE | SOL/USDT | AnomalyType.SQUEEZE | Bollinger squeeze — grote move op komst, wacht op bevestiging
2026-04-28 20:10:47,980 | WARNING | ANOMALIE | ETH/USDT | AnomalyType.SQUEEZE | Bollinger squeeze — grote move op komst, wacht op bevestiging
2026-04-28 20:10:48,794 | WARNING | ANOMALIE | SOL/USDT | AnomalyType.SQUEEZE | Bollinger squeeze — grote move op komst, wacht op bevestiging
2026-04-28 20:11:51,006 | WARNING | ANOMALIE | ETH/USDT | AnomalyType.SQUEEZE | Bollinger squeeze — grote move op komst, wacht op bevestiging
2026-04-28 20:11:51,593 | WARNING | ANOMALIE | SOL/USDT | AnomalyType.SQUEEZE | Bollinger squeeze — grote move op komst, wacht op bevestiging
2026-04-28 20:12:53,560 | WARNING | ANOMALIE | ETH/USDT | AnomalyType.SQUEEZE | Bollinger squeeze — grote move op komst, wacht op bevestiging
2026-04-28 20:12:54,152 | WARNING | ANOMALIE | SOL/USDT | AnomalyType.SQUEEZE | Bollinger squeeze — grote move op komst, wacht op bevestiging
2026-04-28 20:13:57,981 | WARNING | ANOMALIE | ETH/USDT | AnomalyType.SQUEEZE | Bollinger squeeze — grote move op komst, wacht op bevestiging
2026-04-28 20:14:00,078 | WARNING | ANOMALIE | SOL/USDT | AnomalyType.SQUEEZE | Bollinger squeeze — grote move op komst, wacht op bevestiging
2026-04-28 20:15:03,744 | WARNING | ANOMALIE | ETH/USDT | AnomalyType.SQUEEZE | Bollinger squeeze — grote move op komst, wacht op bevestiging
2026-04-28 20:15:04,351 | WARNING | ANOMALIE | SOL/USDT | AnomalyType.SQUEEZE | Bollinger squeeze — grote move op komst, wacht op bevestiging
2026-04-28 20:16:06,348 | WARNING | ANOMALIE | ETH/USDT | AnomalyType.SQUEEZE | Bollinger squeeze — grote move op komst, wacht op bevestiging
2026-04-28 20:16:07,185 | WARNING | ANOMALIE | SOL/USDT | AnomalyType.SQUEEZE | Bollinger squeeze — grote move op komst, wacht op bevestiging
2026-04-28 20:17:09,397 | WARNING | ANOMALIE | ETH/USDT | AnomalyType.SQUEEZE | Bollinger squeeze — grote move op komst, wacht op bevestiging
2026-04-28 20:17:10,009 | WARNING | ANOMALIE | SOL/USDT | AnomalyType.SQUEEZE | Bollinger squeeze — grote move op komst, wacht op bevestiging
2026-04-28 20:18:11,905 | WARNING | ANOMALIE | ETH/USDT | AnomalyType.SQUEEZE | Bollinger squeeze — grote move op komst, wacht op bevestiging
2026-04-28 20:18:12,499 | WARNING | ANOMALIE | SOL/USDT | AnomalyType.SQUEEZE | Bollinger squeeze — grote move op komst, wacht op bevestiging
2026-04-28 20:19:16,279 | WARNING | ANOMALIE | ETH/USDT | AnomalyType.SQUEEZE | Bollinger squeeze — grote move op komst, wacht op bevestiging
2026-04-28 20:19:18,438 | WARNING | ANOMALIE | SOL/USDT | AnomalyType.SQUEEZE | Bollinger squeeze — grote move op komst, wacht op bevestiging
2026-04-28 20:20:21,852 | WARNING | ANOMALIE | ETH/USDT | AnomalyType.SQUEEZE | Bollinger squeeze — grote move op komst, wacht op bevestiging
2026-04-28 20:20:22,456 | WARNING | ANOMALIE | SOL/USDT | AnomalyType.SQUEEZE | Bollinger squeeze — grote move op komst, wacht op bevestiging
2026-04-28 20:21:24,384 | WARNING | ANOMALIE | ETH/USDT | AnomalyType.SQUEEZE | Bollinger squeeze — grote move op komst, wacht op bevestiging
2026-04-28 20:21:24,969 | WARNING | ANOMALIE | SOL/USDT | AnomalyType.SQUEEZE | Bollinger squeeze — grote move op komst, wacht op bevestiging
2026-04-28 20:22:27,013 | WARNING | ANOMALIE | ETH/USDT | AnomalyType.SQUEEZE | Bollinger squeeze — grote move op komst, wacht op bevestiging
2026-04-28 20:22:27,599 | WARNING | ANOMALIE | SOL/USDT | AnomalyType.SQUEEZE | Bollinger squeeze — grote move op komst, wacht op bevestiging
2026-04-28 20:23:29,533 | WARNING | ANOMALIE | ETH/USDT | AnomalyType.SQUEEZE | Bollinger squeeze — grote move op komst, wacht op bevestiging
2026-04-28 20:23:30,115 | WARNING | ANOMALIE | SOL/USDT | AnomalyType.SQUEEZE | Bollinger squeeze — grote move op komst, wacht op bevestiging
2026-04-28 20:24:33,787 | WARNING | ANOMALIE | ETH/USDT | AnomalyType.SQUEEZE | Bollinger squeeze — grote move op komst, wacht op bevestiging
2026-04-28 20:24:35,822 | WARNING | ANOMALIE | SOL/USDT | AnomalyType.SQUEEZE | Bollinger squeeze — grote move op komst, wacht op bevestiging
2026-04-28 20:25:39,407 | WARNING | ANOMALIE | ETH/USDT | AnomalyType.SQUEEZE | Bollinger squeeze — grote move op komst, wacht op bevestiging
2026-04-28 20:25:40,005 | WARNING | ANOMALIE | SOL/USDT | AnomalyType.SQUEEZE | Bollinger squeeze — grote move op komst, wacht op bevestiging
2026-04-28 20:26:41,942 | WARNING | ANOMALIE | ETH/USDT | AnomalyType.SQUEEZE | Bollinger squeeze — grote move op komst, wacht op bevestiging
2026-04-28 20:26:42,558 | WARNING | ANOMALIE | SOL/USDT | AnomalyType.SQUEEZE | Bollinger squeeze — grote move op komst, wacht op bevestiging
2026-04-28 20:27:44,445 | WARNING | ANOMALIE | ETH/USDT | AnomalyType.SQUEEZE | Bollinger squeeze — grote move op komst, wacht op bevestiging
2026-04-28 20:27:45,060 | WARNING | ANOMALIE | SOL/USDT | AnomalyType.SQUEEZE | Bollinger squeeze — grote move op komst, wacht op bevestiging
2026-04-28 20:28:47,010 | WARNING | ANOMALIE | ETH/USDT | AnomalyType.SQUEEZE | Bollinger squeeze — grote move op komst, wacht op bevestiging
2026-04-28 20:28:47,618 | WARNING | ANOMALIE | SOL/USDT | AnomalyType.SQUEEZE | Bollinger squeeze — grote move op komst, wacht op bevestiging
2026-04-28 20:29:50,892 | WARNING | ANOMALIE | ETH/USDT | AnomalyType.SQUEEZE | Bollinger squeeze — grote move op komst, wacht op bevestiging
2026-04-28 20:29:52,861 | WARNING | ANOMALIE | SOL/USDT | AnomalyType.SQUEEZE | Bollinger squeeze — grote move op komst, wacht op bevestiging
2026-04-28 20:30:56,644 | WARNING | ANOMALIE | ETH/USDT | AnomalyType.SQUEEZE | Bollinger squeeze — grote move op komst, wacht op bevestiging
2026-04-28 20:30:57,445 | WARNING | ANOMALIE | SOL/USDT | AnomalyType.SQUEEZE | Bollinger squeeze — grote move op komst, wacht op bevestiging
2026-04-28 20:31:59,336 | WARNING | ANOMALIE | ETH/USDT | AnomalyType.SQUEEZE | Bollinger squeeze — grote move op komst, wacht op bevestiging
2026-04-28 20:31:59,923 | WARNING | ANOMALIE | SOL/USDT | AnomalyType.SQUEEZE | Bollinger squeeze — grote move op komst, wacht op bevestiging
2026-04-28 20:33:01,837 | WARNING | ANOMALIE | ETH/USDT | AnomalyType.SQUEEZE | Bollinger squeeze — grote move op komst, wacht op bevestiging
2026-04-28 20:33:02,391 | WARNING | ANOMALIE | SOL/USDT | AnomalyType.SQUEEZE | Bollinger squeeze — grote move op komst, wacht op bevestiging
2026-04-28 20:34:04,320 | WARNING | ANOMALIE | ETH/USDT | AnomalyType.SQUEEZE | Bollinger squeeze — grote move op komst, wacht op bevestiging
2026-04-28 20:34:05,134 | WARNING | ANOMALIE | SOL/USDT | AnomalyType.SQUEEZE | Bollinger squeeze — grote move op komst, wacht op bevestiging
2026-04-28 20:35:09,008 | WARNING | ANOMALIE | ETH/USDT | AnomalyType.SQUEEZE | Bollinger squeeze — grote move op komst, wacht op bevestiging
2026-04-28 20:35:11,054 | WARNING | ANOMALIE | SOL/USDT | AnomalyType.SQUEEZE | Bollinger squeeze — grote move op komst, wacht op bevestiging
2026-04-28 20:36:14,533 | WARNING | ANOMALIE | ETH/USDT | AnomalyType.SQUEEZE | Bollinger squeeze — grote move op komst, wacht op bevestiging
2026-04-28 20:36:15,115 | WARNING | ANOMALIE | SOL/USDT | AnomalyType.SQUEEZE | Bollinger squeeze — grote move op komst, wacht op bevestiging
2026-04-28 20:37:17,247 | WARNING | ANOMALIE | ETH/USDT | AnomalyType.SQUEEZE | Bollinger squeeze — grote move op komst, wacht op bevestiging
2026-04-28 20:37:17,810 | WARNING | ANOMALIE | SOL/USDT | AnomalyType.SQUEEZE | Bollinger squeeze — grote move op komst, wacht op bevestiging
2026-04-28 20:38:19,692 | WARNING | ANOMALIE | ETH/USDT | AnomalyType.SQUEEZE | Bollinger squeeze — grote move op komst, wacht op bevestiging
2026-04-28 20:38:20,292 | WARNING | ANOMALIE | SOL/USDT | AnomalyType.SQUEEZE | Bollinger squeeze — grote move op komst, wacht op bevestiging
2026-04-28 20:39:22,417 | WARNING | ANOMALIE | ETH/USDT | AnomalyType.SQUEEZE | Bollinger squeeze — grote move op komst, wacht op bevestiging
2026-04-28 20:39:22,993 | WARNING | ANOMALIE | SOL/USDT | AnomalyType.SQUEEZE | Bollinger squeeze — grote move op komst, wacht op bevestiging
2026-04-28 20:40:26,290 | WARNING | ANOMALIE | ETH/USDT | AnomalyType.SQUEEZE | Bollinger squeeze — grote move op komst, wacht op bevestiging
2026-04-28 20:40:28,405 | WARNING | ANOMALIE | SOL/USDT | AnomalyType.SQUEEZE | Bollinger squeeze — grote move op komst, wacht op bevestiging
2026-04-28 20:41:31,701 | WARNING | ANOMALIE | ETH/USDT | AnomalyType.SQUEEZE | Bollinger squeeze — grote move op komst, wacht op bevestiging
2026-04-28 20:41:32,260 | WARNING | ANOMALIE | SOL/USDT | AnomalyType.SQUEEZE | Bollinger squeeze — grote move op komst, wacht op bevestiging
2026-04-28 20:42:34,175 | WARNING | ANOMALIE | ETH/USDT | AnomalyType.SQUEEZE | Bollinger squeeze — grote move op komst, wacht op bevestiging
2026-04-28 20:42:34,771 | WARNING | ANOMALIE | SOL/USDT | AnomalyType.SQUEEZE | Bollinger squeeze — grote move op komst, wacht op bevestiging
2026-04-28 20:43:36,658 | WARNING | ANOMALIE | ETH/USDT | AnomalyType.SQUEEZE | Bollinger squeeze — grote move op komst, wacht op bevestiging
2026-04-28 20:43:37,233 | WARNING | ANOMALIE | SOL/USDT | AnomalyType.SQUEEZE | Bollinger squeeze — grote move op komst, wacht op bevestiging
2026-04-28 20:44:39,405 | WARNING | ANOMALIE | ETH/USDT | AnomalyType.SQUEEZE | Bollinger squeeze — grote move op komst, wacht op bevestiging
2026-04-28 20:44:40,010 | WARNING | ANOMALIE | SOL/USDT | AnomalyType.SQUEEZE | Bollinger squeeze — grote move op komst, wacht op bevestiging
2026-04-28 20:45:44,437 | WARNING | ANOMALIE | ETH/USDT | AnomalyType.SQUEEZE | Bollinger squeeze — grote move op komst, wacht op bevestiging
2026-04-28 20:45:46,529 | WARNING | ANOMALIE | SOL/USDT | AnomalyType.SQUEEZE | Bollinger squeeze — grote move op komst, wacht op bevestiging
2026-04-28 20:46:49,812 | WARNING | ANOMALIE | ETH/USDT | AnomalyType.SQUEEZE | Bollinger squeeze — grote move op komst, wacht op bevestiging
2026-04-28 20:46:50,428 | WARNING | ANOMALIE | SOL/USDT | AnomalyType.SQUEEZE | Bollinger squeeze — grote move op komst, wacht op bevestiging
2026-04-28 20:47:52,518 | WARNING | ANOMALIE | ETH/USDT | AnomalyType.SQUEEZE | Bollinger squeeze — grote move op komst, wacht op bevestiging
2026-04-28 20:47:53,153 | WARNING | ANOMALIE | SOL/USDT | AnomalyType.SQUEEZE | Bollinger squeeze — grote move op komst, wacht op bevestiging
2026-04-28 20:48:55,170 | WARNING | ANOMALIE | ETH/USDT | AnomalyType.SQUEEZE | Bollinger squeeze — grote move op komst, wacht op bevestiging
2026-04-28 20:48:55,745 | WARNING | ANOMALIE | SOL/USDT | AnomalyType.SQUEEZE | Bollinger squeeze — grote move op komst, wacht op bevestiging
2026-04-28 20:49:58,075 | WARNING | ANOMALIE | ETH/USDT | AnomalyType.SQUEEZE | Bollinger squeeze — grote move op komst, wacht op bevestiging
2026-04-28 20:49:58,642 | WARNING | ANOMALIE | SOL/USDT | AnomalyType.SQUEEZE | Bollinger squeeze — grote move op komst, wacht op bevestiging
2026-04-28 20:51:02,257 | WARNING | ANOMALIE | ETH/USDT | AnomalyType.SQUEEZE | Bollinger squeeze — grote move op komst, wacht op bevestiging
2026-04-28 20:51:04,697 | WARNING | ANOMALIE | SOL/USDT | AnomalyType.SQUEEZE | Bollinger squeeze — grote move op komst, wacht op bevestiging
2026-04-28 20:52:08,243 | WARNING | ANOMALIE | ETH/USDT | AnomalyType.SQUEEZE | Bollinger squeeze — grote move op komst, wacht op bevestiging
2026-04-28 20:52:08,822 | WARNING | ANOMALIE | SOL/USDT | AnomalyType.SQUEEZE | Bollinger squeeze — grote move op komst, wacht op bevestiging
2026-04-28 20:53:11,365 | WARNING | ANOMALIE | ETH/USDT | AnomalyType.SQUEEZE | Bollinger squeeze — grote move op komst, wacht op bevestiging
2026-04-28 20:53:11,979 | WARNING | ANOMALIE | SOL/USDT | AnomalyType.SQUEEZE | Bollinger squeeze — grote move op komst, wacht op bevestiging
2026-04-28 20:54:14,482 | WARNING | ANOMALIE | ETH/USDT | AnomalyType.SQUEEZE | Bollinger squeeze — grote move op komst, wacht op bevestiging
2026-04-28 20:54:15,060 | WARNING | ANOMALIE | SOL/USDT | AnomalyType.SQUEEZE | Bollinger squeeze — grote move op komst, wacht op bevestiging
2026-04-28 20:55:17,166 | WARNING | ANOMALIE | ETH/USDT | AnomalyType.SQUEEZE | Bollinger squeeze — grote move op komst, wacht op bevestiging
2026-04-28 20:55:17,744 | WARNING | ANOMALIE | SOL/USDT | AnomalyType.SQUEEZE | Bollinger squeeze — grote move op komst, wacht op bevestiging
2026-04-28 20:56:23,638 | WARNING | ANOMALIE | ETH/USDT | AnomalyType.SQUEEZE | Bollinger squeeze — grote move op komst, wacht op bevestiging
2026-04-28 20:56:25,622 | WARNING | ANOMALIE | SOL/USDT | AnomalyType.SQUEEZE | Bollinger squeeze — grote move op komst, wacht op bevestiging
2026-04-28 20:57:29,249 | WARNING | ANOMALIE | ETH/USDT | AnomalyType.SQUEEZE | Bollinger squeeze — grote move op komst, wacht op bevestiging
2026-04-28 20:57:29,914 | WARNING | ANOMALIE | SOL/USDT | AnomalyType.SQUEEZE | Bollinger squeeze — grote move op komst, wacht op bevestiging
2026-04-28 20:58:31,854 | WARNING | ANOMALIE | ETH/USDT | AnomalyType.SQUEEZE | Bollinger squeeze — grote move op komst, wacht op bevestiging
2026-04-28 20:58:32,461 | WARNING | ANOMALIE | SOL/USDT | AnomalyType.SQUEEZE | Bollinger squeeze — grote move op komst, wacht op bevestiging
2026-04-28 20:59:34,417 | WARNING | ANOMALIE | ETH/USDT | AnomalyType.SQUEEZE | Bollinger squeeze — grote move op komst, wacht op bevestiging
2026-04-28 20:59:35,015 | WARNING | ANOMALIE | SOL/USDT | AnomalyType.SQUEEZE | Bollinger squeeze — grote move op komst, wacht op bevestiging
2026-04-28 21:00:37,269 | WARNING | ANOMALIE | ETH/USDT | AnomalyType.SQUEEZE | Bollinger squeeze — grote move op komst, wacht op bevestiging
2026-04-28 21:00:37,851 | WARNING | ANOMALIE | SOL/USDT | AnomalyType.SQUEEZE | Bollinger squeeze — grote move op komst, wacht op bevestiging
2026-04-28 21:01:41,894 | WARNING | ANOMALIE | ETH/USDT | AnomalyType.SQUEEZE | Bollinger squeeze — grote move op komst, wacht op bevestiging
2026-04-28 21:01:44,519 | WARNING | ANOMALIE | SOL/USDT | AnomalyType.SQUEEZE | Bollinger squeeze — grote move op komst, wacht op bevestiging
2026-04-28 21:02:48,135 | WARNING | ANOMALIE | ETH/USDT | AnomalyType.SQUEEZE | Bollinger squeeze — grote move op komst, wacht op bevestiging
2026-04-28 21:02:48,780 | WARNING | ANOMALIE | SOL/USDT | AnomalyType.SQUEEZE | Bollinger squeeze — grote move op komst, wacht op bevestiging
2026-04-28 21:03:50,756 | WARNING | ANOMALIE | ETH/USDT | AnomalyType.SQUEEZE | Bollinger squeeze — grote move op komst, wacht op bevestiging
2026-04-28 21:03:51,538 | WARNING | ANOMALIE | SOL/USDT | AnomalyType.SQUEEZE | Bollinger squeeze — grote move op komst, wacht op bevestiging
2026-04-28 21:04:53,687 | WARNING | ANOMALIE | ETH/USDT | AnomalyType.SQUEEZE | Bollinger squeeze — grote move op komst, wacht op bevestiging
2026-04-28 21:04:54,351 | WARNING | ANOMALIE | SOL/USDT | AnomalyType.SQUEEZE | Bollinger squeeze — grote move op komst, wacht op bevestiging
2026-04-28 21:05:56,916 | WARNING | ANOMALIE | ETH/USDT | AnomalyType.SQUEEZE | Bollinger squeeze — grote move op komst, wacht op bevestiging
2026-04-28 21:05:57,538 | WARNING | ANOMALIE | SOL/USDT | AnomalyType.SQUEEZE | Bollinger squeeze — grote move op komst, wacht op bevestiging
2026-04-28 21:07:02,453 | WARNING | ANOMALIE | ETH/USDT | AnomalyType.SQUEEZE | Bollinger squeeze — grote move op komst, wacht op bevestiging
2026-04-28 21:07:04,481 | WARNING | ANOMALIE | SOL/USDT | AnomalyType.SQUEEZE | Bollinger squeeze — grote move op komst, wacht op bevestiging
2026-04-28 21:08:07,944 | WARNING | ANOMALIE | ETH/USDT | AnomalyType.SQUEEZE | Bollinger squeeze — grote move op komst, wacht op bevestiging
2026-04-28 21:08:08,545 | WARNING | ANOMALIE | SOL/USDT | AnomalyType.SQUEEZE | Bollinger squeeze — grote move op komst, wacht op bevestiging
2026-04-28 21:09:11,882 | WARNING | ANOMALIE | ETH/USDT | AnomalyType.SQUEEZE | Bollinger squeeze — grote move op komst, wacht op bevestiging
2026-04-28 21:09:12,518 | WARNING | ANOMALIE | SOL/USDT | AnomalyType.SQUEEZE | Bollinger squeeze — grote move op komst, wacht op bevestiging
2026-04-28 21:10:15,168 | WARNING | ANOMALIE | ETH/USDT | AnomalyType.SQUEEZE | Bollinger squeeze — grote move op komst, wacht op bevestiging
2026-04-28 21:10:15,809 | WARNING | ANOMALIE | SOL/USDT | AnomalyType.SQUEEZE | Bollinger squeeze — grote move op komst, wacht op bevestiging
2026-04-28 21:11:18,086 | WARNING | ANOMALIE | ETH/USDT | AnomalyType.SQUEEZE | Bollinger squeeze — grote move op komst, wacht op bevestiging
2026-04-28 21:11:18,691 | WARNING | ANOMALIE | SOL/USDT | AnomalyType.SQUEEZE | Bollinger squeeze — grote move op komst, wacht op bevestiging
2026-04-28 21:12:22,721 | WARNING | ANOMALIE | ETH/USDT | AnomalyType.SQUEEZE | Bollinger squeeze — grote move op komst, wacht op bevestiging
2026-04-28 21:12:24,809 | WARNING | ANOMALIE | SOL/USDT | AnomalyType.SQUEEZE | Bollinger squeeze — grote move op komst, wacht op bevestiging
2026-04-28 21:13:28,762 | WARNING | ANOMALIE | ETH/USDT | AnomalyType.SQUEEZE | Bollinger squeeze — grote move op komst, wacht op bevestiging
2026-04-28 21:13:30,145 | WARNING | ANOMALIE | SOL/USDT | AnomalyType.SQUEEZE | Bollinger squeeze — grote move op komst, wacht op bevestiging
2026-04-28 21:14:32,119 | WARNING | ANOMALIE | ETH/USDT | AnomalyType.SQUEEZE | Bollinger squeeze — grote move op komst, wacht op bevestiging
2026-04-28 21:14:32,713 | WARNING | ANOMALIE | SOL/USDT | AnomalyType.SQUEEZE | Bollinger squeeze — grote move op komst, wacht op bevestiging
2026-04-28 21:15:34,676 | WARNING | ANOMALIE | ETH/USDT | AnomalyType.SQUEEZE | Bollinger squeeze — grote move op komst, wacht op bevestiging
2026-04-28 21:15:35,273 | WARNING | ANOMALIE | SOL/USDT | AnomalyType.SQUEEZE | Bollinger squeeze — grote move op komst, wacht op bevestiging
2026-04-28 21:16:37,466 | WARNING | ANOMALIE | ETH/USDT | AnomalyType.SQUEEZE | Bollinger squeeze — grote move op komst, wacht op bevestiging
2026-04-28 21:16:38,174 | WARNING | ANOMALIE | SOL/USDT | AnomalyType.SQUEEZE | Bollinger squeeze — grote move op komst, wacht op bevestiging
2026-04-28 21:17:42,650 | WARNING | ANOMALIE | ETH/USDT | AnomalyType.SQUEEZE | Bollinger squeeze — grote move op komst, wacht op bevestiging
2026-04-28 21:17:45,121 | WARNING | ANOMALIE | SOL/USDT | AnomalyType.SQUEEZE | Bollinger squeeze — grote move op komst, wacht op bevestiging
2026-04-28 21:18:48,463 | WARNING | ANOMALIE | ETH/USDT | AnomalyType.SQUEEZE | Bollinger squeeze — grote move op komst, wacht op bevestiging
2026-04-28 21:18:49,275 | WARNING | ANOMALIE | SOL/USDT | AnomalyType.SQUEEZE | Bollinger squeeze — grote move op komst, wacht op bevestiging
2026-04-28 21:19:51,670 | WARNING | ANOMALIE | ETH/USDT | AnomalyType.SQUEEZE | Bollinger squeeze — grote move op komst, wacht op bevestiging
2026-04-28 21:19:52,258 | WARNING | ANOMALIE | SOL/USDT | AnomalyType.SQUEEZE | Bollinger squeeze — grote move op komst, wacht op bevestiging
2026-04-28 21:20:54,258 | WARNING | ANOMALIE | ETH/USDT | AnomalyType.SQUEEZE | Bollinger squeeze — grote move op komst, wacht op bevestiging
2026-04-28 21:20:54,831 | WARNING | ANOMALIE | SOL/USDT | AnomalyType.SQUEEZE | Bollinger squeeze — grote move op komst, wacht op bevestiging
2026-04-28 21:21:56,784 | WARNING | ANOMALIE | ETH/USDT | AnomalyType.SQUEEZE | Bollinger squeeze — grote move op komst, wacht op bevestiging
2026-04-28 21:21:57,372 | WARNING | ANOMALIE | SOL/USDT | AnomalyType.SQUEEZE | Bollinger squeeze — grote move op komst, wacht op bevestiging
2026-04-28 21:23:06,170 | INFO | Auto-hertraining gepland elke 24 uur
2026-04-28 21:23:06,171 | INFO | Monster Bot gestart | PAPER TRADING | ['BTC/USDT', 'ETH/USDT', 'SOL/USDT']
2026-04-28 21:23:13,729 | ERROR | FOUT | Analyse BTC/USDT | IndexError: single positional indexer is out-of-bounds
2026-04-28 21:23:13,761 | ERROR | FOUT | Analyse ETH/USDT | IndexError: single positional indexer is out-of-bounds
2026-04-28 21:23:13,795 | ERROR | FOUT | Analyse SOL/USDT | IndexError: single positional indexer is out-of-bounds
2026-04-28 21:24:17,095 | WARNING | ANOMALIE | ETH/USDT | AnomalyType.SQUEEZE | Bollinger squeeze — grote move op komst, wacht op bevestiging
2026-04-28 21:24:18,404 | INFO | TRADE | ETH/USDT | SHORT @ 2291.9800 | PnL: +0.00%
2026-04-28 21:24:19,552 | WARNING | ANOMALIE | SOL/USDT | AnomalyType.SQUEEZE | Bollinger squeeze — grote move op komst, wacht op bevestiging
2026-04-28 21:24:21,401 | INFO | TRADE | SOL/USDT | SHORT @ 83.7700 | PnL: +0.00%
2026-04-28 21:25:23,890 | WARNING | ANOMALIE | ETH/USDT | AnomalyType.SQUEEZE | Bollinger squeeze — grote move op komst, wacht op bevestiging
2026-04-28 21:25:24,553 | WARNING | ANOMALIE | SOL/USDT | AnomalyType.SQUEEZE | Bollinger squeeze — grote move op komst, wacht op bevestiging
2026-04-28 21:26:26,673 | WARNING | ANOMALIE | ETH/USDT | AnomalyType.SQUEEZE | Bollinger squeeze — grote move op komst, wacht op bevestiging
2026-04-28 21:26:27,318 | WARNING | ANOMALIE | SOL/USDT | AnomalyType.SQUEEZE | Bollinger squeeze — grote move op komst, wacht op bevestiging
2026-04-28 21:27:29,404 | WARNING | ANOMALIE | ETH/USDT | AnomalyType.SQUEEZE | Bollinger squeeze — grote move op komst, wacht op bevestiging
2026-04-28 21:27:30,063 | WARNING | ANOMALIE | SOL/USDT | AnomalyType.SQUEEZE | Bollinger squeeze — grote move op komst, wacht op bevestiging
2026-04-28 21:28:32,834 | WARNING | ANOMALIE | ETH/USDT | AnomalyType.SQUEEZE | Bollinger squeeze — grote move op komst, wacht op bevestiging
2026-04-28 21:28:33,982 | WARNING | ANOMALIE | SOL/USDT | AnomalyType.SQUEEZE | Bollinger squeeze — grote move op komst, wacht op bevestiging
2026-04-28 21:29:37,592 | WARNING | ANOMALIE | ETH/USDT | AnomalyType.SQUEEZE | Bollinger squeeze — grote move op komst, wacht op bevestiging
2026-04-28 21:29:39,586 | WARNING | ANOMALIE | SOL/USDT | AnomalyType.SQUEEZE | Bollinger squeeze — grote move op komst, wacht op bevestiging
2026-04-28 21:30:43,162 | WARNING | ANOMALIE | ETH/USDT | AnomalyType.SQUEEZE | Bollinger squeeze — grote move op komst, wacht op bevestiging
2026-04-28 21:30:44,090 | WARNING | ANOMALIE | SOL/USDT | AnomalyType.SQUEEZE | Bollinger squeeze — grote move op komst, wacht op bevestiging
2026-04-28 21:31:46,169 | WARNING | ANOMALIE | ETH/USDT | AnomalyType.SQUEEZE | Bollinger squeeze — grote move op komst, wacht op bevestiging
2026-04-28 21:31:46,838 | WARNING | ANOMALIE | SOL/USDT | AnomalyType.SQUEEZE | Bollinger squeeze — grote move op komst, wacht op bevestiging
2026-04-28 21:32:48,910 | WARNING | ANOMALIE | ETH/USDT | AnomalyType.SQUEEZE | Bollinger squeeze — grote move op komst, wacht op bevestiging
2026-04-28 21:32:49,581 | WARNING | ANOMALIE | SOL/USDT | AnomalyType.SQUEEZE | Bollinger squeeze — grote move op komst, wacht op bevestiging
2026-04-28 21:33:52,309 | WARNING | ANOMALIE | ETH/USDT | AnomalyType.SQUEEZE | Bollinger squeeze — grote move op komst, wacht op bevestiging
2026-04-28 21:33:53,442 | WARNING | ANOMALIE | SOL/USDT | AnomalyType.SQUEEZE | Bollinger squeeze — grote move op komst, wacht op bevestiging
2026-04-28 21:34:57,538 | WARNING | ANOMALIE | ETH/USDT | AnomalyType.SQUEEZE | Bollinger squeeze — grote move op komst, wacht op bevestiging
2026-04-28 21:34:59,647 | WARNING | ANOMALIE | SOL/USDT | AnomalyType.SQUEEZE | Bollinger squeeze — grote move op komst, wacht op bevestiging
2026-04-28 21:36:03,167 | WARNING | ANOMALIE | ETH/USDT | AnomalyType.SQUEEZE | Bollinger squeeze — grote move op komst, wacht op bevestiging
2026-04-28 21:36:03,854 | WARNING | ANOMALIE | SOL/USDT | AnomalyType.SQUEEZE | Bollinger squeeze — grote move op komst, wacht op bevestiging
2026-04-28 21:37:07,312 | WARNING | ANOMALIE | ETH/USDT | AnomalyType.SQUEEZE | Bollinger squeeze — grote move op komst, wacht op bevestiging
2026-04-28 21:37:08,000 | WARNING | ANOMALIE | SOL/USDT | AnomalyType.SQUEEZE | Bollinger squeeze — grote move op komst, wacht op bevestiging
2026-04-28 21:38:10,132 | WARNING | ANOMALIE | ETH/USDT | AnomalyType.SQUEEZE | Bollinger squeeze — grote move op komst, wacht op bevestiging
2026-04-28 21:38:10,769 | WARNING | ANOMALIE | SOL/USDT | AnomalyType.SQUEEZE | Bollinger squeeze — grote move op komst, wacht op bevestiging
2026-04-28 21:39:13,534 | WARNING | ANOMALIE | ETH/USDT | AnomalyType.SQUEEZE | Bollinger squeeze — grote move op komst, wacht op bevestiging
2026-04-28 21:39:14,511 | WARNING | ANOMALIE | SOL/USDT | AnomalyType.SQUEEZE | Bollinger squeeze — grote move op komst, wacht op bevestiging
2026-04-28 21:40:18,385 | WARNING | ANOMALIE | ETH/USDT | AnomalyType.SQUEEZE | Bollinger squeeze — grote move op komst, wacht op bevestiging
2026-04-28 21:40:20,331 | WARNING | ANOMALIE | SOL/USDT | AnomalyType.SQUEEZE | Bollinger squeeze — grote move op komst, wacht op bevestiging
2026-04-28 21:41:23,566 | WARNING | ANOMALIE | ETH/USDT | AnomalyType.SQUEEZE | Bollinger squeeze — grote move op komst, wacht op bevestiging
2026-04-28 21:41:24,187 | WARNING | ANOMALIE | SOL/USDT | AnomalyType.SQUEEZE | Bollinger squeeze — grote move op komst, wacht op bevestiging
2026-04-28 21:42:26,294 | WARNING | ANOMALIE | ETH/USDT | AnomalyType.SQUEEZE | Bollinger squeeze — grote move op komst, wacht op bevestiging
2026-04-28 21:42:26,947 | WARNING | ANOMALIE | SOL/USDT | AnomalyType.SQUEEZE | Bollinger squeeze — grote move op komst, wacht op bevestiging
2026-04-28 21:43:28,995 | WARNING | ANOMALIE | ETH/USDT | AnomalyType.SQUEEZE | Bollinger squeeze — grote move op komst, wacht op bevestiging
2026-04-28 21:43:29,641 | WARNING | ANOMALIE | SOL/USDT | AnomalyType.SQUEEZE | Bollinger squeeze — grote move op komst, wacht op bevestiging
2026-04-28 21:44:32,704 | WARNING | ANOMALIE | ETH/USDT | AnomalyType.SQUEEZE | Bollinger squeeze — grote move op komst, wacht op bevestiging
2026-04-28 21:44:33,629 | WARNING | ANOMALIE | SOL/USDT | AnomalyType.SQUEEZE | Bollinger squeeze — grote move op komst, wacht op bevestiging
2026-04-28 21:45:37,350 | WARNING | ANOMALIE | ETH/USDT | AnomalyType.SQUEEZE | Bollinger squeeze — grote move op komst, wacht op bevestiging
2026-04-28 21:45:39,195 | WARNING | ANOMALIE | SOL/USDT | AnomalyType.SQUEEZE | Bollinger squeeze — grote move op komst, wacht op bevestiging
2026-04-28 21:46:42,512 | WARNING | ANOMALIE | ETH/USDT | AnomalyType.SQUEEZE | Bollinger squeeze — grote move op komst, wacht op bevestiging
2026-04-28 21:46:43,148 | WARNING | ANOMALIE | SOL/USDT | AnomalyType.SQUEEZE | Bollinger squeeze — grote move op komst, wacht op bevestiging
2026-04-28 21:47:45,139 | WARNING | ANOMALIE | ETH/USDT | AnomalyType.SQUEEZE | Bollinger squeeze — grote move op komst, wacht op bevestiging
2026-04-28 21:47:45,761 | WARNING | ANOMALIE | SOL/USDT | AnomalyType.SQUEEZE | Bollinger squeeze — grote move op komst, wacht op bevestiging
2026-04-28 21:48:47,756 | WARNING | ANOMALIE | ETH/USDT | AnomalyType.SQUEEZE | Bollinger squeeze — grote move op komst, wacht op bevestiging
2026-04-28 21:48:48,434 | WARNING | ANOMALIE | SOL/USDT | AnomalyType.SQUEEZE | Bollinger squeeze — grote move op komst, wacht op bevestiging
2026-04-28 21:49:50,684 | WARNING | ANOMALIE | ETH/USDT | AnomalyType.SQUEEZE | Bollinger squeeze — grote move op komst, wacht op bevestiging
2026-04-28 21:49:51,762 | WARNING | ANOMALIE | SOL/USDT | AnomalyType.SQUEEZE | Bollinger squeeze — grote move op komst, wacht op bevestiging
2026-04-28 21:50:55,206 | WARNING | ANOMALIE | ETH/USDT | AnomalyType.SQUEEZE | Bollinger squeeze — grote move op komst, wacht op bevestiging
2026-04-28 21:50:56,983 | WARNING | ANOMALIE | SOL/USDT | AnomalyType.SQUEEZE | Bollinger squeeze — grote move op komst, wacht op bevestiging
2026-04-28 21:52:00,646 | WARNING | ANOMALIE | ETH/USDT | AnomalyType.SQUEEZE | Bollinger squeeze — grote move op komst, wacht op bevestiging
2026-04-28 21:52:01,263 | WARNING | ANOMALIE | SOL/USDT | AnomalyType.SQUEEZE | Bollinger squeeze — grote move op komst, wacht op bevestiging
2026-04-28 21:53:03,269 | WARNING | ANOMALIE | ETH/USDT | AnomalyType.SQUEEZE | Bollinger squeeze — grote move op komst, wacht op bevestiging
2026-04-28 21:53:04,347 | WARNING | ANOMALIE | SOL/USDT | AnomalyType.SQUEEZE | Bollinger squeeze — grote move op komst, wacht op bevestiging
2026-04-28 21:54:06,878 | WARNING | ANOMALIE | ETH/USDT | AnomalyType.SQUEEZE | Bollinger squeeze — grote move op komst, wacht op bevestiging
2026-04-28 21:54:07,511 | WARNING | ANOMALIE | SOL/USDT | AnomalyType.SQUEEZE | Bollinger squeeze — grote move op komst, wacht op bevestiging
2026-04-28 21:55:10,187 | ERROR | FOUT | Analyse BTC/USDT | IndexError: single positional indexer is out-of-bounds
2026-04-28 21:55:10,226 | ERROR | FOUT | Analyse ETH/USDT | IndexError: single positional indexer is out-of-bounds
2026-04-28 21:55:10,268 | ERROR | FOUT | Analyse SOL/USDT | IndexError: single positional indexer is out-of-bounds
2026-04-28 21:56:13,858 | WARNING | ANOMALIE | ETH/USDT | AnomalyType.SQUEEZE | Bollinger squeeze — grote move op komst, wacht op bevestiging
2026-04-28 21:56:16,610 | WARNING | ANOMALIE | SOL/USDT | AnomalyType.SQUEEZE | Bollinger squeeze — grote move op komst, wacht op bevestiging
2026-04-28 21:57:19,164 | WARNING | ANOMALIE | BTC/USDT | AnomalyType.SQUEEZE | Bollinger squeeze — grote move op komst, wacht op bevestiging
2026-04-28 21:57:19,791 | WARNING | ANOMALIE | ETH/USDT | AnomalyType.SQUEEZE | Bollinger squeeze — grote move op komst, wacht op bevestiging
2026-04-28 21:57:20,431 | WARNING | ANOMALIE | SOL/USDT | AnomalyType.SQUEEZE | Bollinger squeeze — grote move op komst, wacht op bevestiging
2026-04-28 21:58:21,799 | WARNING | ANOMALIE | BTC/USDT | AnomalyType.SQUEEZE | Bollinger squeeze — grote move op komst, wacht op bevestiging
2026-04-28 21:58:22,423 | WARNING | ANOMALIE | ETH/USDT | AnomalyType.SQUEEZE | Bollinger squeeze — grote move op komst, wacht op bevestiging
2026-04-28 21:58:23,050 | WARNING | ANOMALIE | SOL/USDT | AnomalyType.SQUEEZE | Bollinger squeeze — grote move op komst, wacht op bevestiging
2026-04-28 21:59:25,035 | WARNING | ANOMALIE | ETH/USDT | AnomalyType.SQUEEZE | Bollinger squeeze — grote move op komst, wacht op bevestiging
2026-04-28 21:59:25,665 | WARNING | ANOMALIE | SOL/USDT | AnomalyType.SQUEEZE | Bollinger squeeze — grote move op komst, wacht op bevestiging
2026-04-28 22:00:27,042 | WARNING | ANOMALIE | BTC/USDT | AnomalyType.SQUEEZE | Bollinger squeeze — grote move op komst, wacht op bevestiging
2026-04-28 22:00:27,904 | WARNING | ANOMALIE | ETH/USDT | AnomalyType.SQUEEZE | Bollinger squeeze — grote move op komst, wacht op bevestiging
2026-04-28 22:00:28,780 | WARNING | ANOMALIE | SOL/USDT | AnomalyType.SQUEEZE | Bollinger squeeze — grote move op komst, wacht op bevestiging
2026-04-28 22:01:30,439 | WARNING | ANOMALIE | BTC/USDT | AnomalyType.SQUEEZE | Bollinger squeeze — grote move op komst, wacht op bevestiging
2026-04-28 22:01:32,254 | WARNING | ANOMALIE | ETH/USDT | AnomalyType.SQUEEZE | Bollinger squeeze — grote move op komst, wacht op bevestiging
2026-04-28 22:01:34,043 | WARNING | ANOMALIE | SOL/USDT | AnomalyType.SQUEEZE | Bollinger squeeze — grote move op komst, wacht op bevestiging
2026-04-28 22:02:36,577 | WARNING | ANOMALIE | BTC/USDT | AnomalyType.SQUEEZE | Bollinger squeeze — grote move op komst, wacht op bevestiging
2026-04-28 22:02:37,207 | WARNING | ANOMALIE | ETH/USDT | AnomalyType.SQUEEZE | Bollinger squeeze — grote move op komst, wacht op bevestiging
2026-04-28 22:02:37,828 | WARNING | ANOMALIE | SOL/USDT | AnomalyType.SQUEEZE | Bollinger squeeze — grote move op komst, wacht op bevestiging
2026-04-28 22:03:39,368 | WARNING | ANOMALIE | BTC/USDT | AnomalyType.SQUEEZE | Bollinger squeeze — grote move op komst, wacht op bevestiging
2026-04-28 22:03:40,016 | WARNING | ANOMALIE | ETH/USDT | AnomalyType.SQUEEZE | Bollinger squeeze — grote move op komst, wacht op bevestiging
2026-04-28 22:03:40,639 | WARNING | ANOMALIE | SOL/USDT | AnomalyType.SQUEEZE | Bollinger squeeze — grote move op komst, wacht op bevestiging
2026-04-28 22:04:42,015 | WARNING | ANOMALIE | BTC/USDT | AnomalyType.SQUEEZE | Bollinger squeeze — grote move op komst, wacht op bevestiging
2026-04-28 22:04:42,635 | WARNING | ANOMALIE | ETH/USDT | AnomalyType.SQUEEZE | Bollinger squeeze — grote move op komst, wacht op bevestiging
2026-04-28 22:04:43,262 | WARNING | ANOMALIE | SOL/USDT | AnomalyType.SQUEEZE | Bollinger squeeze — grote move op komst, wacht op bevestiging
2026-04-28 22:05:45,192 | WARNING | ANOMALIE | BTC/USDT | AnomalyType.SQUEEZE | Bollinger squeeze — grote move op komst, wacht op bevestiging
2026-04-28 22:05:46,060 | WARNING | ANOMALIE | ETH/USDT | AnomalyType.SQUEEZE | Bollinger squeeze — grote move op komst, wacht op bevestiging
2026-04-28 22:05:47,379 | WARNING | ANOMALIE | SOL/USDT | AnomalyType.SQUEEZE | Bollinger squeeze — grote move op komst, wacht op bevestiging
2026-04-28 22:06:48,977 | WARNING | ANOMALIE | BTC/USDT | AnomalyType.SQUEEZE | Bollinger squeeze — grote move op komst, wacht op bevestiging
2026-04-28 22:06:50,957 | WARNING | ANOMALIE | ETH/USDT | AnomalyType.SQUEEZE | Bollinger squeeze — grote move op komst, wacht op bevestiging
2026-04-28 22:06:52,720 | WARNING | ANOMALIE | SOL/USDT | AnomalyType.SQUEEZE | Bollinger squeeze — grote move op komst, wacht op bevestiging
2026-04-28 22:07:55,248 | WARNING | ANOMALIE | BTC/USDT | AnomalyType.SQUEEZE | Bollinger squeeze — grote move op komst, wacht op bevestiging
2026-04-28 22:07:55,892 | WARNING | ANOMALIE | ETH/USDT | AnomalyType.SQUEEZE | Bollinger squeeze — grote move op komst, wacht op bevestiging
2026-04-28 22:07:56,539 | WARNING | ANOMALIE | SOL/USDT | AnomalyType.SQUEEZE | Bollinger squeeze — grote move op komst, wacht op bevestiging
2026-04-28 22:08:57,985 | WARNING | ANOMALIE | BTC/USDT | AnomalyType.SQUEEZE | Bollinger squeeze — grote move op komst, wacht op bevestiging
2026-04-28 22:08:58,601 | WARNING | ANOMALIE | ETH/USDT | AnomalyType.SQUEEZE | Bollinger squeeze — grote move op komst, wacht op bevestiging
2026-04-28 22:08:59,224 | WARNING | ANOMALIE | SOL/USDT | AnomalyType.SQUEEZE | Bollinger squeeze — grote move op komst, wacht op bevestiging
2026-04-28 22:10:00,844 | WARNING | ANOMALIE | BTC/USDT | AnomalyType.SQUEEZE | Bollinger squeeze — grote move op komst, wacht op bevestiging
2026-04-28 22:10:01,455 | WARNING | ANOMALIE | ETH/USDT | AnomalyType.SQUEEZE | Bollinger squeeze — grote move op komst, wacht op bevestiging
2026-04-28 22:10:02,087 | WARNING | ANOMALIE | SOL/USDT | AnomalyType.SQUEEZE | Bollinger squeeze — grote move op komst, wacht op bevestiging
2026-04-28 22:11:03,466 | WARNING | ANOMALIE | BTC/USDT | AnomalyType.SQUEEZE | Bollinger squeeze — grote move op komst, wacht op bevestiging
2026-04-28 22:11:04,317 | WARNING | ANOMALIE | ETH/USDT | AnomalyType.SQUEEZE | Bollinger squeeze — grote move op komst, wacht op bevestiging
2026-04-28 22:11:05,180 | WARNING | ANOMALIE | SOL/USDT | AnomalyType.SQUEEZE | Bollinger squeeze — grote move op komst, wacht op bevestiging
2026-04-28 22:12:06,803 | WARNING | ANOMALIE | BTC/USDT | AnomalyType.SQUEEZE | Bollinger squeeze — grote move op komst, wacht op bevestiging
2026-04-28 22:12:08,662 | WARNING | ANOMALIE | ETH/USDT | AnomalyType.SQUEEZE | Bollinger squeeze — grote move op komst, wacht op bevestiging
2026-04-28 22:12:10,576 | WARNING | ANOMALIE | SOL/USDT | AnomalyType.SQUEEZE | Bollinger squeeze — grote move op komst, wacht op bevestiging
2026-04-28 22:13:13,958 | WARNING | ANOMALIE | BTC/USDT | AnomalyType.SQUEEZE | Bollinger squeeze — grote move op komst, wacht op bevestiging
2026-04-28 22:13:15,014 | WARNING | ANOMALIE | ETH/USDT | AnomalyType.SQUEEZE | Bollinger squeeze — grote move op komst, wacht op bevestiging
2026-04-28 22:13:15,633 | WARNING | ANOMALIE | SOL/USDT | AnomalyType.SQUEEZE | Bollinger squeeze — grote move op komst, wacht op bevestiging
2026-04-28 22:15:57,583 | INFO | Auto-hertraining gepland elke 24 uur
2026-04-28 22:15:57,583 | INFO | Monster Bot gestart | PAPER TRADING | ['BTC/USDT', 'ETH/USDT', 'SOL/USDT']
2026-04-28 22:16:04,532 | ERROR | FOUT | Analyse BTC/USDT | IndexError: single positional indexer is out-of-bounds
2026-04-28 22:16:04,565 | ERROR | FOUT | Analyse ETH/USDT | IndexError: single positional indexer is out-of-bounds
2026-04-28 22:16:04,599 | ERROR | FOUT | Analyse SOL/USDT | IndexError: single positional indexer is out-of-bounds
2026-04-28 22:17:06,072 | WARNING | ANOMALIE | BTC/USDT | AnomalyType.SQUEEZE | Bollinger squeeze — grote move op komst, wacht op bevestiging
2026-04-28 22:17:08,116 | WARNING | ANOMALIE | ETH/USDT | AnomalyType.SQUEEZE | Bollinger squeeze — grote move op komst, wacht op bevestiging
2026-04-28 22:17:09,991 | WARNING | ANOMALIE | SOL/USDT | AnomalyType.SQUEEZE | Bollinger squeeze — grote move op komst, wacht op bevestiging
2026-04-28 22:18:12,669 | WARNING | ANOMALIE | BTC/USDT | AnomalyType.SQUEEZE | Bollinger squeeze — grote move op komst, wacht op bevestiging
2026-04-28 22:18:13,305 | WARNING | ANOMALIE | ETH/USDT | AnomalyType.SQUEEZE | Bollinger squeeze — grote move op komst, wacht op bevestiging
2026-04-28 22:18:13,969 | WARNING | ANOMALIE | SOL/USDT | AnomalyType.SQUEEZE | Bollinger squeeze — grote move op komst, wacht op bevestiging
2026-04-28 22:19:15,388 | WARNING | ANOMALIE | BTC/USDT | AnomalyType.SQUEEZE | Bollinger squeeze — grote move op komst, wacht op bevestiging
2026-04-28 22:19:16,051 | WARNING | ANOMALIE | ETH/USDT | AnomalyType.SQUEEZE | Bollinger squeeze — grote move op komst, wacht op bevestiging
2026-04-28 22:19:16,694 | WARNING | ANOMALIE | SOL/USDT | AnomalyType.SQUEEZE | Bollinger squeeze — grote move op komst, wacht op bevestiging
2026-04-28 23:57:43,155 | INFO | Auto-hertraining gepland elke 24 uur
2026-04-28 23:57:43,156 | INFO | Monster Bot gestart | PAPER TRADING | ['BTC/USDT', 'ETH/USDT', 'SOL/USDT']
2026-04-28 23:57:50,819 | ERROR | FOUT | Analyse BTC/USDT | IndexError: single positional indexer is out-of-bounds
2026-04-28 23:57:50,846 | ERROR | FOUT | Analyse ETH/USDT | IndexError: single positional indexer is out-of-bounds
2026-04-28 23:57:50,876 | ERROR | FOUT | Analyse SOL/USDT | IndexError: single positional indexer is out-of-bounds
2026-04-28 23:58:52,413 | WARNING | ANOMALIE | BTC/USDT | AnomalyType.SQUEEZE | Bollinger squeeze — grote move op komst, wacht op bevestiging
2026-04-28 23:58:54,218 | WARNING | ANOMALIE | ETH/USDT | AnomalyType.SQUEEZE | Bollinger squeeze — grote move op komst, wacht op bevestiging
2026-04-28 23:58:56,022 | WARNING | ANOMALIE | SOL/USDT | AnomalyType.SQUEEZE | Bollinger squeeze — grote move op komst, wacht op bevestiging
2026-04-28 23:59:58,595 | WARNING | ANOMALIE | BTC/USDT | AnomalyType.SQUEEZE | Bollinger squeeze — grote move op komst, wacht op bevestiging
2026-04-28 23:59:59,221 | WARNING | ANOMALIE | ETH/USDT | AnomalyType.SQUEEZE | Bollinger squeeze — grote move op komst, wacht op bevestiging
2026-04-28 23:59:59,875 | WARNING | ANOMALIE | SOL/USDT | AnomalyType.SQUEEZE | Bollinger squeeze — grote move op komst, wacht op bevestiging
2026-04-29 00:01:01,297 | WARNING | ANOMALIE | BTC/USDT | AnomalyType.SQUEEZE | Bollinger squeeze — grote move op komst, wacht op bevestiging
2026-04-29 00:01:01,951 | WARNING | ANOMALIE | ETH/USDT | AnomalyType.SQUEEZE | Bollinger squeeze — grote move op komst, wacht op bevestiging
2026-04-29 00:01:02,612 | WARNING | ANOMALIE | SOL/USDT | AnomalyType.SQUEEZE | Bollinger squeeze — grote move op komst, wacht op bevestiging
2026-04-29 00:02:03,977 | WARNING | ANOMALIE | BTC/USDT | AnomalyType.SQUEEZE | Bollinger squeeze — grote move op komst, wacht op bevestiging
2026-04-29 00:02:05,052 | WARNING | ANOMALIE | ETH/USDT | AnomalyType.SQUEEZE | Bollinger squeeze — grote move op komst, wacht op bevestiging
2026-04-29 00:02:05,679 | WARNING | ANOMALIE | SOL/USDT | AnomalyType.SQUEEZE | Bollinger squeeze — grote move op komst, wacht op bevestiging
2026-04-29 00:03:07,045 | WARNING | ANOMALIE | BTC/USDT | AnomalyType.SQUEEZE | Bollinger squeeze — grote move op komst, wacht op bevestiging
2026-04-29 00:03:07,917 | WARNING | ANOMALIE | ETH/USDT | AnomalyType.SQUEEZE | Bollinger squeeze — grote move op komst, wacht op bevestiging
2026-04-29 00:03:08,782 | WARNING | ANOMALIE | SOL/USDT | AnomalyType.SQUEEZE | Bollinger squeeze — grote move op komst, wacht op bevestiging
2026-04-29 00:04:11,320 | WARNING | ANOMALIE | BTC/USDT | AnomalyType.SQUEEZE | Bollinger squeeze — grote move op komst, wacht op bevestiging
2026-04-29 00:04:13,788 | WARNING | ANOMALIE | ETH/USDT | AnomalyType.SQUEEZE | Bollinger squeeze — grote move op komst, wacht op bevestiging
2026-04-29 00:04:15,571 | WARNING | ANOMALIE | SOL/USDT | AnomalyType.SQUEEZE | Bollinger squeeze — grote move op komst, wacht op bevestiging
2026-04-29 00:05:18,111 | WARNING | ANOMALIE | BTC/USDT | AnomalyType.SQUEEZE | Bollinger squeeze — grote move op komst, wacht op bevestiging
2026-04-29 00:05:18,738 | WARNING | ANOMALIE | ETH/USDT | AnomalyType.SQUEEZE | Bollinger squeeze — grote move op komst, wacht op bevestiging
2026-04-29 00:05:19,997 | WARNING | ANOMALIE | SOL/USDT | AnomalyType.SQUEEZE | Bollinger squeeze — grote move op komst, wacht op bevestiging
2026-04-29 00:06:21,347 | WARNING | ANOMALIE | BTC/USDT | AnomalyType.SQUEEZE | Bollinger squeeze — grote move op komst, wacht op bevestiging
2026-04-29 00:06:21,981 | WARNING | ANOMALIE | ETH/USDT | AnomalyType.SQUEEZE | Bollinger squeeze — grote move op komst, wacht op bevestiging
2026-04-29 00:06:22,632 | WARNING | ANOMALIE | SOL/USDT | AnomalyType.SQUEEZE | Bollinger squeeze — grote move op komst, wacht op bevestiging
2026-04-29 00:07:24,460 | WARNING | ANOMALIE | BTC/USDT | AnomalyType.SQUEEZE | Bollinger squeeze — grote move op komst, wacht op bevestiging
2026-04-29 00:07:25,086 | WARNING | ANOMALIE | ETH/USDT | AnomalyType.SQUEEZE | Bollinger squeeze — grote move op komst, wacht op bevestiging
2026-04-29 00:07:25,947 | WARNING | ANOMALIE | SOL/USDT | AnomalyType.SQUEEZE | Bollinger squeeze — grote move op komst, wacht op bevestiging
2026-04-29 00:08:27,886 | WARNING | ANOMALIE | BTC/USDT | AnomalyType.SQUEEZE | Bollinger squeeze — grote move op komst, wacht op bevestiging
2026-04-29 00:08:28,745 | WARNING | ANOMALIE | ETH/USDT | AnomalyType.SQUEEZE | Bollinger squeeze — grote move op komst, wacht op bevestiging
2026-04-29 00:08:29,619 | WARNING | ANOMALIE | SOL/USDT | AnomalyType.SQUEEZE | Bollinger squeeze — grote move op komst, wacht op bevestiging
2026-04-29 00:09:31,238 | WARNING | ANOMALIE | BTC/USDT | AnomalyType.SQUEEZE | Bollinger squeeze — grote move op komst, wacht op bevestiging
2026-04-29 00:09:33,312 | WARNING | ANOMALIE | ETH/USDT | AnomalyType.SQUEEZE | Bollinger squeeze — grote move op komst, wacht op bevestiging
2026-04-29 00:09:35,152 | WARNING | ANOMALIE | SOL/USDT | AnomalyType.SQUEEZE | Bollinger squeeze — grote move op komst, wacht op bevestiging
