2026-05-21 00:00:14,121 | WARNING | ANOMALIE | ETH/USDT | squeeze | Bollinger squeeze — grote move op komst, wacht op bevestiging
2026-05-21 00:04:58,126 | WARNING | ANOMALIE | BTC/USDT | squeeze | Bollinger squeeze — grote move op komst, wacht op bevestiging
2026-05-21 00:06:09,481 | WARNING | ANOMALIE | ETH/USDT | squeeze | Bollinger squeeze — grote move op komst, wacht op bevestiging
2026-05-21 00:10:45,177 | WARNING | ANOMALIE | BTC/USDT | squeeze | Bollinger squeeze — grote move op komst, wacht op bevestiging
2026-05-21 00:11:55,348 | WARNING | ANOMALIE | ETH/USDT | squeeze | Bollinger squeeze — grote move op komst, wacht op bevestiging
2026-05-21 00:16:29,450 | WARNING | ANOMALIE | BTC/USDT | squeeze | Bollinger squeeze — grote move op komst, wacht op bevestiging
2026-05-21 00:17:39,336 | WARNING | ANOMALIE | ETH/USDT | squeeze | Bollinger squeeze — grote move op komst, wacht op bevestiging
2026-05-21 00:22:13,661 | WARNING | ANOMALIE | BTC/USDT | squeeze | Bollinger squeeze — grote move op komst, wacht op bevestiging
2026-05-21 00:23:23,574 | WARNING | ANOMALIE | ETH/USDT | squeeze | Bollinger squeeze — grote move op komst, wacht op bevestiging
2026-05-21 00:27:55,885 | WARNING | ANOMALIE | BTC/USDT | squeeze | Bollinger squeeze — grote move op komst, wacht op bevestiging
2026-05-21 00:29:05,525 | WARNING | ANOMALIE | ETH/USDT | squeeze | Bollinger squeeze — grote move op komst, wacht op bevestiging
2026-05-21 00:33:39,008 | WARNING | ANOMALIE | BTC/USDT | squeeze | Bollinger squeeze — grote move op komst, wacht op bevestiging
2026-05-21 00:34:49,389 | WARNING | ANOMALIE | ETH/USDT | squeeze | Bollinger squeeze — grote move op komst, wacht op bevestiging
2026-05-21 00:39:22,161 | WARNING | ANOMALIE | BTC/USDT | squeeze | Bollinger squeeze — grote move op komst, wacht op bevestiging
2026-05-21 00:40:32,489 | WARNING | ANOMALIE | ETH/USDT | squeeze | Bollinger squeeze — grote move op komst, wacht op bevestiging
2026-05-21 00:45:07,050 | WARNING | ANOMALIE | BTC/USDT | squeeze | Bollinger squeeze — grote move op komst, wacht op bevestiging
2026-05-21 00:46:17,152 | WARNING | ANOMALIE | ETH/USDT | squeeze | Bollinger squeeze — grote move op komst, wacht op bevestiging
2026-05-21 00:50:50,515 | WARNING | ANOMALIE | BTC/USDT | squeeze | Bollinger squeeze — grote move op komst, wacht op bevestiging
2026-05-21 00:52:00,441 | WARNING | ANOMALIE | ETH/USDT | squeeze | Bollinger squeeze — grote move op komst, wacht op bevestiging
2026-05-21 00:56:36,447 | WARNING | ANOMALIE | BTC/USDT | squeeze | Bollinger squeeze — grote move op komst, wacht op bevestiging
2026-05-21 00:57:46,552 | WARNING | ANOMALIE | ETH/USDT | squeeze | Bollinger squeeze — grote move op komst, wacht op bevestiging
2026-05-21 01:02:22,305 | WARNING | ANOMALIE | BTC/USDT | squeeze | Bollinger squeeze — grote move op komst, wacht op bevestiging
2026-05-21 01:03:31,909 | WARNING | ANOMALIE | ETH/USDT | squeeze | Bollinger squeeze — grote move op komst, wacht op bevestiging
2026-05-21 01:08:05,528 | WARNING | ANOMALIE | BTC/USDT | squeeze | Bollinger squeeze — grote move op komst, wacht op bevestiging
2026-05-21 01:09:15,162 | WARNING | ANOMALIE | ETH/USDT | squeeze | Bollinger squeeze — grote move op komst, wacht op bevestiging
2026-05-21 01:13:48,398 | WARNING | ANOMALIE | BTC/USDT | squeeze | Bollinger squeeze — grote move op komst, wacht op bevestiging
2026-05-21 01:14:59,451 | WARNING | ANOMALIE | ETH/USDT | squeeze | Bollinger squeeze — grote move op komst, wacht op bevestiging
2026-05-21 01:19:35,392 | WARNING | ANOMALIE | BTC/USDT | squeeze | Bollinger squeeze — grote move op komst, wacht op bevestiging
2026-05-21 01:20:45,239 | WARNING | ANOMALIE | ETH/USDT | squeeze | Bollinger squeeze — grote move op komst, wacht op bevestiging
2026-05-21 01:25:35,170 | WARNING | ANOMALIE | BTC/USDT | squeeze | Bollinger squeeze — grote move op komst, wacht op bevestiging
2026-05-21 01:26:45,651 | WARNING | ANOMALIE | ETH/USDT | squeeze | Bollinger squeeze — grote move op komst, wacht op bevestiging
2026-05-21 01:31:19,928 | WARNING | ANOMALIE | BTC/USDT | squeeze | Bollinger squeeze — grote move op komst, wacht op bevestiging
2026-05-21 01:32:30,289 | WARNING | ANOMALIE | ETH/USDT | squeeze | Bollinger squeeze — grote move op komst, wacht op bevestiging
2026-05-21 01:37:02,577 | WARNING | ANOMALIE | BTC/USDT | squeeze | Bollinger squeeze — grote move op komst, wacht op bevestiging
2026-05-21 01:38:12,925 | WARNING | ANOMALIE | ETH/USDT | squeeze | Bollinger squeeze — grote move op komst, wacht op bevestiging
2026-05-21 01:42:46,405 | WARNING | ANOMALIE | BTC/USDT | squeeze | Bollinger squeeze — grote move op komst, wacht op bevestiging
2026-05-21 01:43:56,068 | WARNING | ANOMALIE | ETH/USDT | squeeze | Bollinger squeeze — grote move op komst, wacht op bevestiging
2026-05-21 01:48:30,382 | WARNING | ANOMALIE | BTC/USDT | squeeze | Bollinger squeeze — grote move op komst, wacht op bevestiging
2026-05-21 01:49:40,532 | WARNING | ANOMALIE | ETH/USDT | squeeze | Bollinger squeeze — grote move op komst, wacht op bevestiging
2026-05-21 01:54:13,867 | WARNING | ANOMALIE | BTC/USDT | squeeze | Bollinger squeeze — grote move op komst, wacht op bevestiging
2026-05-21 01:55:23,766 | WARNING | ANOMALIE | ETH/USDT | squeeze | Bollinger squeeze — grote move op komst, wacht op bevestiging
2026-05-21 01:59:56,201 | WARNING | ANOMALIE | BTC/USDT | squeeze | Bollinger squeeze — grote move op komst, wacht op bevestiging
2026-05-21 02:01:07,155 | WARNING | ANOMALIE | ETH/USDT | squeeze | Bollinger squeeze — grote move op komst, wacht op bevestiging
2026-05-21 02:05:42,357 | WARNING | ANOMALIE | BTC/USDT | squeeze | Bollinger squeeze — grote move op komst, wacht op bevestiging
2026-05-21 02:06:52,943 | WARNING | ANOMALIE | ETH/USDT | squeeze | Bollinger squeeze — grote move op komst, wacht op bevestiging
2026-05-21 02:11:26,233 | WARNING | ANOMALIE | BTC/USDT | squeeze | Bollinger squeeze — grote move op komst, wacht op bevestiging
2026-05-21 02:12:36,942 | WARNING | ANOMALIE | ETH/USDT | squeeze | Bollinger squeeze — grote move op komst, wacht op bevestiging
2026-05-21 02:17:10,697 | WARNING | ANOMALIE | BTC/USDT | squeeze | Bollinger squeeze — grote move op komst, wacht op bevestiging
2026-05-21 02:18:20,907 | WARNING | ANOMALIE | ETH/USDT | squeeze | Bollinger squeeze — grote move op komst, wacht op bevestiging
2026-05-21 02:22:55,264 | WARNING | ANOMALIE | BTC/USDT | squeeze | Bollinger squeeze — grote move op komst, wacht op bevestiging
2026-05-21 02:24:05,467 | WARNING | ANOMALIE | ETH/USDT | squeeze | Bollinger squeeze — grote move op komst, wacht op bevestiging
2026-05-21 02:28:40,526 | WARNING | ANOMALIE | BTC/USDT | squeeze | Bollinger squeeze — grote move op komst, wacht op bevestiging
2026-05-21 02:29:51,045 | WARNING | ANOMALIE | ETH/USDT | squeeze | Bollinger squeeze — grote move op komst, wacht op bevestiging
2026-05-21 02:34:24,858 | WARNING | ANOMALIE | BTC/USDT | squeeze | Bollinger squeeze — grote move op komst, wacht op bevestiging
2026-05-21 02:35:35,164 | WARNING | ANOMALIE | ETH/USDT | squeeze | Bollinger squeeze — grote move op komst, wacht op bevestiging
2026-05-21 02:40:10,242 | WARNING | ANOMALIE | BTC/USDT | squeeze | Bollinger squeeze — grote move op komst, wacht op bevestiging
2026-05-21 02:41:20,057 | WARNING | ANOMALIE | ETH/USDT | squeeze | Bollinger squeeze — grote move op komst, wacht op bevestiging
2026-05-21 02:45:53,069 | WARNING | ANOMALIE | BTC/USDT | squeeze | Bollinger squeeze — grote move op komst, wacht op bevestiging
2026-05-21 02:47:03,775 | WARNING | ANOMALIE | ETH/USDT | squeeze | Bollinger squeeze — grote move op komst, wacht op bevestiging
2026-05-21 02:51:38,703 | WARNING | ANOMALIE | BTC/USDT | squeeze | Bollinger squeeze — grote move op komst, wacht op bevestiging
2026-05-21 02:52:48,704 | WARNING | ANOMALIE | ETH/USDT | squeeze | Bollinger squeeze — grote move op komst, wacht op bevestiging
2026-05-21 02:53:51,777 | INFO | TRADE | SOL/USDT | COVER @ 86.7800 | PnL: -0.03%
2026-05-21 02:57:23,874 | WARNING | ANOMALIE | BTC/USDT | squeeze | Bollinger squeeze — grote move op komst, wacht op bevestiging
2026-05-21 02:58:35,221 | WARNING | ANOMALIE | ETH/USDT | squeeze | Bollinger squeeze — grote move op komst, wacht op bevestiging
2026-05-21 03:03:08,508 | WARNING | ANOMALIE | BTC/USDT | squeeze | Bollinger squeeze — grote move op komst, wacht op bevestiging
2026-05-21 03:04:18,226 | WARNING | ANOMALIE | ETH/USDT | squeeze | Bollinger squeeze — grote move op komst, wacht op bevestiging
2026-05-21 03:08:51,889 | WARNING | ANOMALIE | BTC/USDT | squeeze | Bollinger squeeze — grote move op komst, wacht op bevestiging
2026-05-21 03:10:03,035 | WARNING | ANOMALIE | ETH/USDT | squeeze | Bollinger squeeze — grote move op komst, wacht op bevestiging
2026-05-21 03:14:39,059 | WARNING | ANOMALIE | BTC/USDT | squeeze | Bollinger squeeze — grote move op komst, wacht op bevestiging
2026-05-21 03:15:48,777 | WARNING | ANOMALIE | ETH/USDT | squeeze | Bollinger squeeze — grote move op komst, wacht op bevestiging
2026-05-21 03:15:48,899 | INFO | TRADE | ETH/USDT | SHORT @ 2153.7737 | PnL: +0.00%
2026-05-21 03:20:21,734 | WARNING | ANOMALIE | BTC/USDT | squeeze | Bollinger squeeze — grote move op komst, wacht op bevestiging
2026-05-21 03:21:32,399 | WARNING | ANOMALIE | ETH/USDT | squeeze | Bollinger squeeze — grote move op komst, wacht op bevestiging
2026-05-21 03:26:06,458 | WARNING | ANOMALIE | BTC/USDT | squeeze | Bollinger squeeze — grote move op komst, wacht op bevestiging
2026-05-21 03:27:16,564 | WARNING | ANOMALIE | ETH/USDT | squeeze | Bollinger squeeze — grote move op komst, wacht op bevestiging
2026-05-21 03:31:50,005 | WARNING | ANOMALIE | BTC/USDT | squeeze | Bollinger squeeze — grote move op komst, wacht op bevestiging
2026-05-21 03:33:00,268 | WARNING | ANOMALIE | ETH/USDT | squeeze | Bollinger squeeze — grote move op komst, wacht op bevestiging
2026-05-21 03:37:34,707 | WARNING | ANOMALIE | BTC/USDT | squeeze | Bollinger squeeze — grote move op komst, wacht op bevestiging
2026-05-21 03:38:45,128 | WARNING | ANOMALIE | ETH/USDT | squeeze | Bollinger squeeze — grote move op komst, wacht op bevestiging
2026-05-21 03:43:17,388 | WARNING | ANOMALIE | BTC/USDT | squeeze | Bollinger squeeze — grote move op komst, wacht op bevestiging
2026-05-21 03:44:26,995 | WARNING | ANOMALIE | ETH/USDT | squeeze | Bollinger squeeze — grote move op komst, wacht op bevestiging
2026-05-21 03:49:00,369 | WARNING | ANOMALIE | BTC/USDT | squeeze | Bollinger squeeze — grote move op komst, wacht op bevestiging
2026-05-21 03:50:10,947 | WARNING | ANOMALIE | ETH/USDT | squeeze | Bollinger squeeze — grote move op komst, wacht op bevestiging
2026-05-21 03:54:43,709 | WARNING | ANOMALIE | BTC/USDT | squeeze | Bollinger squeeze — grote move op komst, wacht op bevestiging
2026-05-21 03:55:53,821 | WARNING | ANOMALIE | ETH/USDT | squeeze | Bollinger squeeze — grote move op komst, wacht op bevestiging
2026-05-21 04:00:27,282 | WARNING | ANOMALIE | BTC/USDT | squeeze | Bollinger squeeze — grote move op komst, wacht op bevestiging
2026-05-21 04:01:37,233 | WARNING | ANOMALIE | ETH/USDT | squeeze | Bollinger squeeze — grote move op komst, wacht op bevestiging
2026-05-21 04:06:11,873 | WARNING | ANOMALIE | BTC/USDT | squeeze | Bollinger squeeze — grote move op komst, wacht op bevestiging
2026-05-21 04:07:21,519 | WARNING | ANOMALIE | ETH/USDT | squeeze | Bollinger squeeze — grote move op komst, wacht op bevestiging
2026-05-21 04:11:55,740 | WARNING | ANOMALIE | BTC/USDT | squeeze | Bollinger squeeze — grote move op komst, wacht op bevestiging
2026-05-21 04:13:05,652 | WARNING | ANOMALIE | ETH/USDT | squeeze | Bollinger squeeze — grote move op komst, wacht op bevestiging
2026-05-21 04:17:39,431 | WARNING | ANOMALIE | BTC/USDT | squeeze | Bollinger squeeze — grote move op komst, wacht op bevestiging
2026-05-21 04:18:50,198 | WARNING | ANOMALIE | ETH/USDT | squeeze | Bollinger squeeze — grote move op komst, wacht op bevestiging
2026-05-21 04:23:28,071 | WARNING | ANOMALIE | BTC/USDT | squeeze | Bollinger squeeze — grote move op komst, wacht op bevestiging
2026-05-21 04:24:38,352 | WARNING | ANOMALIE | ETH/USDT | squeeze | Bollinger squeeze — grote move op komst, wacht op bevestiging
2026-05-21 04:29:11,600 | WARNING | ANOMALIE | BTC/USDT | squeeze | Bollinger squeeze — grote move op komst, wacht op bevestiging
2026-05-21 04:30:21,461 | WARNING | ANOMALIE | ETH/USDT | squeeze | Bollinger squeeze — grote move op komst, wacht op bevestiging
2026-05-21 04:34:56,159 | WARNING | ANOMALIE | BTC/USDT | squeeze | Bollinger squeeze — grote move op komst, wacht op bevestiging
2026-05-21 04:36:06,105 | WARNING | ANOMALIE | ETH/USDT | squeeze | Bollinger squeeze — grote move op komst, wacht op bevestiging
2026-05-21 04:40:39,642 | WARNING | ANOMALIE | BTC/USDT | squeeze | Bollinger squeeze — grote move op komst, wacht op bevestiging
2026-05-21 04:41:50,030 | WARNING | ANOMALIE | ETH/USDT | squeeze | Bollinger squeeze — grote move op komst, wacht op bevestiging
2026-05-21 04:46:23,128 | WARNING | ANOMALIE | BTC/USDT | squeeze | Bollinger squeeze — grote move op komst, wacht op bevestiging
2026-05-21 04:47:33,224 | WARNING | ANOMALIE | ETH/USDT | squeeze | Bollinger squeeze — grote move op komst, wacht op bevestiging
2026-05-21 04:52:05,820 | WARNING | ANOMALIE | BTC/USDT | squeeze | Bollinger squeeze — grote move op komst, wacht op bevestiging
2026-05-21 04:53:15,754 | WARNING | ANOMALIE | ETH/USDT | squeeze | Bollinger squeeze — grote move op komst, wacht op bevestiging
2026-05-21 04:57:51,047 | WARNING | ANOMALIE | BTC/USDT | squeeze | Bollinger squeeze — grote move op komst, wacht op bevestiging
2026-05-21 04:59:02,054 | WARNING | ANOMALIE | ETH/USDT | squeeze | Bollinger squeeze — grote move op komst, wacht op bevestiging
2026-05-21 05:03:36,811 | WARNING | ANOMALIE | BTC/USDT | squeeze | Bollinger squeeze — grote move op komst, wacht op bevestiging
2026-05-21 05:04:46,431 | WARNING | ANOMALIE | ETH/USDT | squeeze | Bollinger squeeze — grote move op komst, wacht op bevestiging
2026-05-21 05:09:20,590 | WARNING | ANOMALIE | BTC/USDT | squeeze | Bollinger squeeze — grote move op komst, wacht op bevestiging
2026-05-21 05:10:30,537 | WARNING | ANOMALIE | ETH/USDT | squeeze | Bollinger squeeze — grote move op komst, wacht op bevestiging
2026-05-21 05:15:04,816 | WARNING | ANOMALIE | BTC/USDT | squeeze | Bollinger squeeze — grote move op komst, wacht op bevestiging
2026-05-21 05:16:14,678 | WARNING | ANOMALIE | ETH/USDT | squeeze | Bollinger squeeze — grote move op komst, wacht op bevestiging
2026-05-21 05:20:48,190 | WARNING | ANOMALIE | BTC/USDT | squeeze | Bollinger squeeze — grote move op komst, wacht op bevestiging
2026-05-21 05:21:58,519 | WARNING | ANOMALIE | ETH/USDT | squeeze | Bollinger squeeze — grote move op komst, wacht op bevestiging
2026-05-21 05:26:31,880 | WARNING | ANOMALIE | BTC/USDT | squeeze | Bollinger squeeze — grote move op komst, wacht op bevestiging
2026-05-21 05:27:42,182 | WARNING | ANOMALIE | ETH/USDT | squeeze | Bollinger squeeze — grote move op komst, wacht op bevestiging
2026-05-21 05:32:18,531 | WARNING | ANOMALIE | BTC/USDT | squeeze | Bollinger squeeze — grote move op komst, wacht op bevestiging
2026-05-21 05:33:28,833 | WARNING | ANOMALIE | ETH/USDT | squeeze | Bollinger squeeze — grote move op komst, wacht op bevestiging
2026-05-21 05:38:02,547 | WARNING | ANOMALIE | BTC/USDT | squeeze | Bollinger squeeze — grote move op komst, wacht op bevestiging
2026-05-21 05:39:13,055 | WARNING | ANOMALIE | ETH/USDT | squeeze | Bollinger squeeze — grote move op komst, wacht op bevestiging
2026-05-21 05:43:45,924 | WARNING | ANOMALIE | BTC/USDT | squeeze | Bollinger squeeze — grote move op komst, wacht op bevestiging
2026-05-21 05:44:55,633 | WARNING | ANOMALIE | ETH/USDT | squeeze | Bollinger squeeze — grote move op komst, wacht op bevestiging
2026-05-21 05:49:28,412 | WARNING | ANOMALIE | BTC/USDT | squeeze | Bollinger squeeze — grote move op komst, wacht op bevestiging
2026-05-21 05:50:38,121 | WARNING | ANOMALIE | ETH/USDT | squeeze | Bollinger squeeze — grote move op komst, wacht op bevestiging
2026-05-21 05:55:11,920 | WARNING | ANOMALIE | BTC/USDT | squeeze | Bollinger squeeze — grote move op komst, wacht op bevestiging
2026-05-21 05:56:22,172 | WARNING | ANOMALIE | ETH/USDT | squeeze | Bollinger squeeze — grote move op komst, wacht op bevestiging
2026-05-21 06:00:55,103 | WARNING | ANOMALIE | BTC/USDT | squeeze | Bollinger squeeze — grote move op komst, wacht op bevestiging
2026-05-21 06:02:05,199 | WARNING | ANOMALIE | ETH/USDT | squeeze | Bollinger squeeze — grote move op komst, wacht op bevestiging
2026-05-21 06:06:41,229 | WARNING | ANOMALIE | BTC/USDT | squeeze | Bollinger squeeze — grote move op komst, wacht op bevestiging
2026-05-21 06:07:50,875 | WARNING | ANOMALIE | ETH/USDT | squeeze | Bollinger squeeze — grote move op komst, wacht op bevestiging
2026-05-21 06:12:24,493 | WARNING | ANOMALIE | BTC/USDT | squeeze | Bollinger squeeze — grote move op komst, wacht op bevestiging
2026-05-21 06:13:34,304 | WARNING | ANOMALIE | ETH/USDT | squeeze | Bollinger squeeze — grote move op komst, wacht op bevestiging
2026-05-21 06:18:07,765 | WARNING | ANOMALIE | BTC/USDT | squeeze | Bollinger squeeze — grote move op komst, wacht op bevestiging
2026-05-21 06:19:18,110 | WARNING | ANOMALIE | ETH/USDT | squeeze | Bollinger squeeze — grote move op komst, wacht op bevestiging
2026-05-21 06:23:51,934 | WARNING | ANOMALIE | BTC/USDT | squeeze | Bollinger squeeze — grote move op komst, wacht op bevestiging
2026-05-21 06:25:02,506 | WARNING | ANOMALIE | ETH/USDT | squeeze | Bollinger squeeze — grote move op komst, wacht op bevestiging
2026-05-21 06:29:35,965 | WARNING | ANOMALIE | BTC/USDT | squeeze | Bollinger squeeze — grote move op komst, wacht op bevestiging
2026-05-21 06:30:46,048 | WARNING | ANOMALIE | ETH/USDT | squeeze | Bollinger squeeze — grote move op komst, wacht op bevestiging
2026-05-21 06:35:19,382 | WARNING | ANOMALIE | BTC/USDT | squeeze | Bollinger squeeze — grote move op komst, wacht op bevestiging
2026-05-21 06:36:29,269 | WARNING | ANOMALIE | ETH/USDT | squeeze | Bollinger squeeze — grote move op komst, wacht op bevestiging
2026-05-21 06:41:03,616 | WARNING | ANOMALIE | BTC/USDT | squeeze | Bollinger squeeze — grote move op komst, wacht op bevestiging
2026-05-21 06:42:14,196 | WARNING | ANOMALIE | ETH/USDT | squeeze | Bollinger squeeze — grote move op komst, wacht op bevestiging
2026-05-21 06:46:48,799 | WARNING | ANOMALIE | BTC/USDT | squeeze | Bollinger squeeze — grote move op komst, wacht op bevestiging
2026-05-21 06:47:58,443 | WARNING | ANOMALIE | ETH/USDT | squeeze | Bollinger squeeze — grote move op komst, wacht op bevestiging
2026-05-21 06:52:31,680 | WARNING | ANOMALIE | BTC/USDT | squeeze | Bollinger squeeze — grote move op komst, wacht op bevestiging
2026-05-21 06:53:41,632 | WARNING | ANOMALIE | ETH/USDT | squeeze | Bollinger squeeze — grote move op komst, wacht op bevestiging
2026-05-21 06:54:51,374 | INFO | TRADE | SOL/USDT | SHORT @ 87.0090 | PnL: +0.00%
2026-05-21 06:58:15,049 | WARNING | ANOMALIE | BTC/USDT | squeeze | Bollinger squeeze — grote move op komst, wacht op bevestiging
2026-05-21 06:59:25,183 | WARNING | ANOMALIE | ETH/USDT | squeeze | Bollinger squeeze — grote move op komst, wacht op bevestiging
2026-05-21 07:03:59,756 | WARNING | ANOMALIE | BTC/USDT | squeeze | Bollinger squeeze — grote move op komst, wacht op bevestiging
2026-05-21 07:05:10,551 | WARNING | ANOMALIE | ETH/USDT | squeeze | Bollinger squeeze — grote move op komst, wacht op bevestiging
2026-05-21 07:09:43,104 | WARNING | ANOMALIE | BTC/USDT | squeeze | Bollinger squeeze — grote move op komst, wacht op bevestiging
2026-05-21 07:10:52,852 | WARNING | ANOMALIE | ETH/USDT | squeeze | Bollinger squeeze — grote move op komst, wacht op bevestiging
2026-05-21 07:15:27,353 | WARNING | ANOMALIE | BTC/USDT | squeeze | Bollinger squeeze — grote move op komst, wacht op bevestiging
2026-05-21 07:16:37,073 | WARNING | ANOMALIE | ETH/USDT | squeeze | Bollinger squeeze — grote move op komst, wacht op bevestiging
2026-05-21 07:21:11,586 | WARNING | ANOMALIE | BTC/USDT | squeeze | Bollinger squeeze — grote move op komst, wacht op bevestiging
2026-05-21 07:22:21,262 | WARNING | ANOMALIE | ETH/USDT | squeeze | Bollinger squeeze — grote move op komst, wacht op bevestiging
2026-05-21 07:26:54,931 | WARNING | ANOMALIE | BTC/USDT | squeeze | Bollinger squeeze — grote move op komst, wacht op bevestiging
2026-05-21 07:28:05,322 | WARNING | ANOMALIE | ETH/USDT | squeeze | Bollinger squeeze — grote move op komst, wacht op bevestiging
2026-05-21 07:32:39,853 | WARNING | ANOMALIE | BTC/USDT | squeeze | Bollinger squeeze — grote move op komst, wacht op bevestiging
2026-05-21 07:33:50,861 | WARNING | ANOMALIE | ETH/USDT | squeeze | Bollinger squeeze — grote move op komst, wacht op bevestiging
2026-05-21 07:38:25,678 | WARNING | ANOMALIE | BTC/USDT | squeeze | Bollinger squeeze — grote move op komst, wacht op bevestiging
2026-05-21 07:39:35,401 | WARNING | ANOMALIE | ETH/USDT | squeeze | Bollinger squeeze — grote move op komst, wacht op bevestiging
2026-05-21 07:44:08,485 | WARNING | ANOMALIE | BTC/USDT | squeeze | Bollinger squeeze — grote move op komst, wacht op bevestiging
2026-05-21 07:45:18,262 | WARNING | ANOMALIE | ETH/USDT | squeeze | Bollinger squeeze — grote move op komst, wacht op bevestiging
2026-05-21 07:49:53,948 | WARNING | ANOMALIE | BTC/USDT | squeeze | Bollinger squeeze — grote move op komst, wacht op bevestiging
2026-05-21 07:51:03,514 | WARNING | ANOMALIE | ETH/USDT | squeeze | Bollinger squeeze — grote move op komst, wacht op bevestiging
2026-05-21 07:55:37,965 | WARNING | ANOMALIE | BTC/USDT | squeeze | Bollinger squeeze — grote move op komst, wacht op bevestiging
2026-05-21 07:56:49,265 | WARNING | ANOMALIE | ETH/USDT | squeeze | Bollinger squeeze — grote move op komst, wacht op bevestiging
2026-05-21 08:01:23,072 | WARNING | ANOMALIE | BTC/USDT | squeeze | Bollinger squeeze — grote move op komst, wacht op bevestiging
2026-05-21 08:02:33,159 | WARNING | ANOMALIE | ETH/USDT | squeeze | Bollinger squeeze — grote move op komst, wacht op bevestiging
2026-05-21 08:07:06,303 | WARNING | ANOMALIE | BTC/USDT | squeeze | Bollinger squeeze — grote move op komst, wacht op bevestiging
2026-05-21 08:08:16,352 | WARNING | ANOMALIE | ETH/USDT | squeeze | Bollinger squeeze — grote move op komst, wacht op bevestiging
2026-05-21 08:12:49,080 | WARNING | ANOMALIE | BTC/USDT | squeeze | Bollinger squeeze — grote move op komst, wacht op bevestiging
2026-05-21 08:13:58,864 | WARNING | ANOMALIE | ETH/USDT | squeeze | Bollinger squeeze — grote move op komst, wacht op bevestiging
2026-05-21 08:18:32,164 | WARNING | ANOMALIE | BTC/USDT | squeeze | Bollinger squeeze — grote move op komst, wacht op bevestiging
2026-05-21 08:19:42,288 | WARNING | ANOMALIE | ETH/USDT | squeeze | Bollinger squeeze — grote move op komst, wacht op bevestiging
2026-05-21 08:24:17,007 | WARNING | ANOMALIE | BTC/USDT | squeeze | Bollinger squeeze — grote move op komst, wacht op bevestiging
2026-05-21 08:25:26,695 | WARNING | ANOMALIE | ETH/USDT | squeeze | Bollinger squeeze — grote move op komst, wacht op bevestiging
2026-05-21 08:30:00,385 | WARNING | ANOMALIE | BTC/USDT | squeeze | Bollinger squeeze — grote move op komst, wacht op bevestiging
2026-05-21 08:31:12,708 | WARNING | ANOMALIE | ETH/USDT | squeeze | Bollinger squeeze — grote move op komst, wacht op bevestiging
2026-05-21 08:35:46,522 | WARNING | ANOMALIE | BTC/USDT | squeeze | Bollinger squeeze — grote move op komst, wacht op bevestiging
2026-05-21 08:36:56,533 | WARNING | ANOMALIE | ETH/USDT | squeeze | Bollinger squeeze — grote move op komst, wacht op bevestiging
2026-05-21 08:41:29,604 | WARNING | ANOMALIE | BTC/USDT | squeeze | Bollinger squeeze — grote move op komst, wacht op bevestiging
2026-05-21 08:42:39,398 | WARNING | ANOMALIE | ETH/USDT | squeeze | Bollinger squeeze — grote move op komst, wacht op bevestiging
2026-05-21 08:46:01,896 | INFO | TRADE | ETH/USDT | PARTIAL_TP1 @ 2130.5400 | PnL: +1.08%
2026-05-21 08:47:13,200 | WARNING | ANOMALIE | BTC/USDT | squeeze | Bollinger squeeze — grote move op komst, wacht op bevestiging
2026-05-21 08:48:23,000 | WARNING | ANOMALIE | ETH/USDT | squeeze | Bollinger squeeze — grote move op komst, wacht op bevestiging
2026-05-21 08:52:57,411 | WARNING | ANOMALIE | BTC/USDT | squeeze | Bollinger squeeze — grote move op komst, wacht op bevestiging
2026-05-21 08:54:07,044 | WARNING | ANOMALIE | ETH/USDT | squeeze | Bollinger squeeze — grote move op komst, wacht op bevestiging
2026-05-21 08:58:41,059 | WARNING | ANOMALIE | BTC/USDT | squeeze | Bollinger squeeze — grote move op komst, wacht op bevestiging
2026-05-21 08:59:51,837 | WARNING | ANOMALIE | ETH/USDT | squeeze | Bollinger squeeze — grote move op komst, wacht op bevestiging
2026-05-21 09:04:24,876 | WARNING | ANOMALIE | BTC/USDT | squeeze | Bollinger squeeze — grote move op komst, wacht op bevestiging
2026-05-21 09:05:35,140 | WARNING | ANOMALIE | ETH/USDT | squeeze | Bollinger squeeze — grote move op komst, wacht op bevestiging
2026-05-21 09:10:08,061 | WARNING | ANOMALIE | BTC/USDT | squeeze | Bollinger squeeze — grote move op komst, wacht op bevestiging
2026-05-21 09:11:17,661 | WARNING | ANOMALIE | ETH/USDT | squeeze | Bollinger squeeze — grote move op komst, wacht op bevestiging
2026-05-21 09:15:50,335 | WARNING | ANOMALIE | BTC/USDT | squeeze | Bollinger squeeze — grote move op komst, wacht op bevestiging
2026-05-21 09:17:00,180 | WARNING | ANOMALIE | ETH/USDT | squeeze | Bollinger squeeze — grote move op komst, wacht op bevestiging
2026-05-21 09:21:33,946 | WARNING | ANOMALIE | BTC/USDT | squeeze | Bollinger squeeze — grote move op komst, wacht op bevestiging
2026-05-21 09:22:43,519 | WARNING | ANOMALIE | ETH/USDT | squeeze | Bollinger squeeze — grote move op komst, wacht op bevestiging
2026-05-21 09:27:17,783 | WARNING | ANOMALIE | BTC/USDT | squeeze | Bollinger squeeze — grote move op komst, wacht op bevestiging
2026-05-21 09:28:27,878 | WARNING | ANOMALIE | ETH/USDT | squeeze | Bollinger squeeze — grote move op komst, wacht op bevestiging
2026-05-21 09:33:03,101 | WARNING | ANOMALIE | BTC/USDT | squeeze | Bollinger squeeze — grote move op komst, wacht op bevestiging
2026-05-21 09:34:13,462 | WARNING | ANOMALIE | ETH/USDT | squeeze | Bollinger squeeze — grote move op komst, wacht op bevestiging
2026-05-21 09:38:45,547 | WARNING | ANOMALIE | BTC/USDT | squeeze | Bollinger squeeze — grote move op komst, wacht op bevestiging
2026-05-21 09:39:55,205 | WARNING | ANOMALIE | ETH/USDT | squeeze | Bollinger squeeze — grote move op komst, wacht op bevestiging
2026-05-21 09:44:27,688 | WARNING | ANOMALIE | BTC/USDT | squeeze | Bollinger squeeze — grote move op komst, wacht op bevestiging
2026-05-21 09:45:52,634 | WARNING | ANOMALIE | ETH/USDT | squeeze | Bollinger squeeze — grote move op komst, wacht op bevestiging
2026-05-21 09:50:25,720 | WARNING | ANOMALIE | BTC/USDT | squeeze | Bollinger squeeze — grote move op komst, wacht op bevestiging
2026-05-21 09:51:35,408 | WARNING | ANOMALIE | ETH/USDT | squeeze | Bollinger squeeze — grote move op komst, wacht op bevestiging
2026-05-21 09:56:10,606 | WARNING | ANOMALIE | BTC/USDT | squeeze | Bollinger squeeze — grote move op komst, wacht op bevestiging
2026-05-21 09:57:21,221 | WARNING | ANOMALIE | ETH/USDT | squeeze | Bollinger squeeze — grote move op komst, wacht op bevestiging
2026-05-21 10:01:53,721 | WARNING | ANOMALIE | BTC/USDT | squeeze | Bollinger squeeze — grote move op komst, wacht op bevestiging
2026-05-21 10:03:04,060 | WARNING | ANOMALIE | ETH/USDT | squeeze | Bollinger squeeze — grote move op komst, wacht op bevestiging
2026-05-21 10:07:39,954 | WARNING | ANOMALIE | BTC/USDT | squeeze | Bollinger squeeze — grote move op komst, wacht op bevestiging
2026-05-21 10:08:44,964 | INFO | TRADE | SOL/USDT | COVER @ 87.0700 | PnL: -0.07%
2026-05-21 10:08:49,961 | WARNING | ANOMALIE | ETH/USDT | squeeze | Bollinger squeeze — grote move op komst, wacht op bevestiging
2026-05-21 10:13:23,085 | WARNING | ANOMALIE | BTC/USDT | squeeze | Bollinger squeeze — grote move op komst, wacht op bevestiging
2026-05-21 10:14:32,976 | WARNING | ANOMALIE | ETH/USDT | squeeze | Bollinger squeeze — grote move op komst, wacht op bevestiging
2026-05-21 10:19:10,082 | WARNING | ANOMALIE | BTC/USDT | squeeze | Bollinger squeeze — grote move op komst, wacht op bevestiging
2026-05-21 10:20:20,320 | WARNING | ANOMALIE | ETH/USDT | squeeze | Bollinger squeeze — grote move op komst, wacht op bevestiging
2026-05-21 10:24:52,907 | WARNING | ANOMALIE | BTC/USDT | squeeze | Bollinger squeeze — grote move op komst, wacht op bevestiging
2026-05-21 10:26:02,696 | WARNING | ANOMALIE | ETH/USDT | squeeze | Bollinger squeeze — grote move op komst, wacht op bevestiging
2026-05-21 10:30:38,713 | WARNING | ANOMALIE | BTC/USDT | squeeze | Bollinger squeeze — grote move op komst, wacht op bevestiging
2026-05-21 10:31:52,792 | WARNING | ANOMALIE | ETH/USDT | squeeze | Bollinger squeeze — grote move op komst, wacht op bevestiging
2026-05-21 10:36:31,277 | WARNING | ANOMALIE | BTC/USDT | squeeze | Bollinger squeeze — grote move op komst, wacht op bevestiging
2026-05-21 10:37:42,006 | WARNING | ANOMALIE | ETH/USDT | squeeze | Bollinger squeeze — grote move op komst, wacht op bevestiging
