2026-05-19 09:49:08,144 | INFO | TRADE | ETH/USDT | COVER @ 2144.5900 | PnL: -0.01%
2026-05-19 10:00:37,137 | WARNING | ANOMALIE | BTC/USDT | squeeze | Bollinger squeeze — grote move op komst, wacht op bevestiging
2026-05-19 10:06:17,655 | WARNING | ANOMALIE | BTC/USDT | squeeze | Bollinger squeeze — grote move op komst, wacht op bevestiging
2026-05-19 10:12:00,240 | WARNING | ANOMALIE | BTC/USDT | squeeze | Bollinger squeeze — grote move op komst, wacht op bevestiging
2026-05-19 10:17:43,040 | WARNING | ANOMALIE | BTC/USDT | squeeze | Bollinger squeeze — grote move op komst, wacht op bevestiging
2026-05-19 10:23:24,918 | WARNING | ANOMALIE | BTC/USDT | squeeze | Bollinger squeeze — grote move op komst, wacht op bevestiging
2026-05-19 10:29:09,816 | WARNING | ANOMALIE | BTC/USDT | squeeze | Bollinger squeeze — grote move op komst, wacht op bevestiging
2026-05-19 10:34:51,829 | WARNING | ANOMALIE | BTC/USDT | squeeze | Bollinger squeeze — grote move op komst, wacht op bevestiging
2026-05-19 10:40:34,845 | WARNING | ANOMALIE | BTC/USDT | squeeze | Bollinger squeeze — grote move op komst, wacht op bevestiging
2026-05-19 10:46:16,073 | WARNING | ANOMALIE | BTC/USDT | squeeze | Bollinger squeeze — grote move op komst, wacht op bevestiging
2026-05-19 10:51:58,334 | WARNING | ANOMALIE | BTC/USDT | squeeze | Bollinger squeeze — grote move op komst, wacht op bevestiging
2026-05-19 10:57:39,255 | WARNING | ANOMALIE | BTC/USDT | squeeze | Bollinger squeeze — grote move op komst, wacht op bevestiging
2026-05-19 11:03:22,989 | WARNING | ANOMALIE | BTC/USDT | squeeze | Bollinger squeeze — grote move op komst, wacht op bevestiging
2026-05-19 11:09:04,447 | WARNING | ANOMALIE | BTC/USDT | squeeze | Bollinger squeeze — grote move op komst, wacht op bevestiging
2026-05-19 11:14:45,916 | WARNING | ANOMALIE | BTC/USDT | squeeze | Bollinger squeeze — grote move op komst, wacht op bevestiging
2026-05-19 11:20:27,606 | WARNING | ANOMALIE | BTC/USDT | squeeze | Bollinger squeeze — grote move op komst, wacht op bevestiging
2026-05-19 11:26:10,500 | WARNING | ANOMALIE | BTC/USDT | squeeze | Bollinger squeeze — grote move op komst, wacht op bevestiging
2026-05-19 11:31:52,138 | WARNING | ANOMALIE | BTC/USDT | squeeze | Bollinger squeeze — grote move op komst, wacht op bevestiging
2026-05-19 11:37:34,543 | WARNING | ANOMALIE | BTC/USDT | squeeze | Bollinger squeeze — grote move op komst, wacht op bevestiging
2026-05-19 11:43:17,381 | WARNING | ANOMALIE | BTC/USDT | squeeze | Bollinger squeeze — grote move op komst, wacht op bevestiging
2026-05-19 11:48:58,947 | WARNING | ANOMALIE | BTC/USDT | squeeze | Bollinger squeeze — grote move op komst, wacht op bevestiging
2026-05-19 11:54:41,393 | WARNING | ANOMALIE | BTC/USDT | squeeze | Bollinger squeeze — grote move op komst, wacht op bevestiging
2026-05-19 12:00:24,552 | WARNING | ANOMALIE | BTC/USDT | squeeze | Bollinger squeeze — grote move op komst, wacht op bevestiging
2026-05-19 12:06:05,510 | WARNING | ANOMALIE | BTC/USDT | squeeze | Bollinger squeeze — grote move op komst, wacht op bevestiging
2026-05-19 12:11:48,455 | WARNING | ANOMALIE | BTC/USDT | squeeze | Bollinger squeeze — grote move op komst, wacht op bevestiging
2026-05-19 12:17:30,961 | WARNING | ANOMALIE | BTC/USDT | squeeze | Bollinger squeeze — grote move op komst, wacht op bevestiging
2026-05-19 12:23:13,275 | WARNING | ANOMALIE | BTC/USDT | squeeze | Bollinger squeeze — grote move op komst, wacht op bevestiging
2026-05-19 12:28:55,109 | WARNING | ANOMALIE | BTC/USDT | squeeze | Bollinger squeeze — grote move op komst, wacht op bevestiging
2026-05-19 12:34:37,799 | WARNING | ANOMALIE | BTC/USDT | squeeze | Bollinger squeeze — grote move op komst, wacht op bevestiging
2026-05-19 12:40:19,501 | WARNING | ANOMALIE | BTC/USDT | squeeze | Bollinger squeeze — grote move op komst, wacht op bevestiging
2026-05-19 12:46:03,501 | WARNING | ANOMALIE | BTC/USDT | squeeze | Bollinger squeeze — grote move op komst, wacht op bevestiging
2026-05-19 12:51:45,648 | WARNING | ANOMALIE | BTC/USDT | squeeze | Bollinger squeeze — grote move op komst, wacht op bevestiging
2026-05-19 12:57:26,858 | WARNING | ANOMALIE | BTC/USDT | squeeze | Bollinger squeeze — grote move op komst, wacht op bevestiging
2026-05-19 13:03:09,057 | WARNING | ANOMALIE | BTC/USDT | squeeze | Bollinger squeeze — grote move op komst, wacht op bevestiging
2026-05-19 13:08:50,361 | WARNING | ANOMALIE | BTC/USDT | squeeze | Bollinger squeeze — grote move op komst, wacht op bevestiging
2026-05-19 13:14:33,326 | WARNING | ANOMALIE | BTC/USDT | squeeze | Bollinger squeeze — grote move op komst, wacht op bevestiging
2026-05-19 13:20:17,429 | WARNING | ANOMALIE | BTC/USDT | squeeze | Bollinger squeeze — grote move op komst, wacht op bevestiging
2026-05-19 13:25:59,244 | WARNING | ANOMALIE | BTC/USDT | squeeze | Bollinger squeeze — grote move op komst, wacht op bevestiging
2026-05-19 13:31:41,112 | WARNING | ANOMALIE | BTC/USDT | squeeze | Bollinger squeeze — grote move op komst, wacht op bevestiging
2026-05-19 13:37:24,300 | WARNING | ANOMALIE | BTC/USDT | squeeze | Bollinger squeeze — grote move op komst, wacht op bevestiging
2026-05-19 13:43:06,254 | WARNING | ANOMALIE | BTC/USDT | squeeze | Bollinger squeeze — grote move op komst, wacht op bevestiging
2026-05-19 13:48:50,246 | WARNING | ANOMALIE | BTC/USDT | squeeze | Bollinger squeeze — grote move op komst, wacht op bevestiging
2026-05-19 13:54:34,953 | WARNING | ANOMALIE | BTC/USDT | squeeze | Bollinger squeeze — grote move op komst, wacht op bevestiging
2026-05-19 14:00:16,317 | WARNING | ANOMALIE | BTC/USDT | squeeze | Bollinger squeeze — grote move op komst, wacht op bevestiging
2026-05-19 14:00:18,295 | INFO | TRADE | ETH/USDT | BUY @ 2111.7946 | PnL: +0.00%
2026-05-19 14:05:58,107 | WARNING | ANOMALIE | BTC/USDT | squeeze | Bollinger squeeze — grote move op komst, wacht op bevestiging
2026-05-19 14:11:38,503 | WARNING | ANOMALIE | BTC/USDT | squeeze | Bollinger squeeze — grote move op komst, wacht op bevestiging
2026-05-19 14:17:21,743 | WARNING | ANOMALIE | BTC/USDT | squeeze | Bollinger squeeze — grote move op komst, wacht op bevestiging
2026-05-19 14:23:04,423 | WARNING | ANOMALIE | BTC/USDT | squeeze | Bollinger squeeze — grote move op komst, wacht op bevestiging
2026-05-19 14:28:48,860 | WARNING | ANOMALIE | BTC/USDT | squeeze | Bollinger squeeze — grote move op komst, wacht op bevestiging
2026-05-19 14:34:30,572 | WARNING | ANOMALIE | BTC/USDT | squeeze | Bollinger squeeze — grote move op komst, wacht op bevestiging
2026-05-19 14:40:12,043 | WARNING | ANOMALIE | BTC/USDT | squeeze | Bollinger squeeze — grote move op komst, wacht op bevestiging
2026-05-19 14:45:53,201 | WARNING | ANOMALIE | BTC/USDT | squeeze | Bollinger squeeze — grote move op komst, wacht op bevestiging
2026-05-19 14:51:37,776 | WARNING | ANOMALIE | BTC/USDT | squeeze | Bollinger squeeze — grote move op komst, wacht op bevestiging
2026-05-19 14:57:18,749 | WARNING | ANOMALIE | BTC/USDT | squeeze | Bollinger squeeze — grote move op komst, wacht op bevestiging
2026-05-19 15:03:05,770 | WARNING | ANOMALIE | BTC/USDT | squeeze | Bollinger squeeze — grote move op komst, wacht op bevestiging
2026-05-19 15:08:56,815 | WARNING | ANOMALIE | BTC/USDT | squeeze | Bollinger squeeze — grote move op komst, wacht op bevestiging
2026-05-19 15:14:39,384 | WARNING | ANOMALIE | BTC/USDT | squeeze | Bollinger squeeze — grote move op komst, wacht op bevestiging
2026-05-19 15:20:22,188 | WARNING | ANOMALIE | BTC/USDT | squeeze | Bollinger squeeze — grote move op komst, wacht op bevestiging
2026-05-19 15:26:04,227 | WARNING | ANOMALIE | BTC/USDT | squeeze | Bollinger squeeze — grote move op komst, wacht op bevestiging
2026-05-19 15:31:47,599 | WARNING | ANOMALIE | BTC/USDT | squeeze | Bollinger squeeze — grote move op komst, wacht op bevestiging
2026-05-19 15:37:31,892 | WARNING | ANOMALIE | BTC/USDT | squeeze | Bollinger squeeze — grote move op komst, wacht op bevestiging
2026-05-19 15:43:14,376 | WARNING | ANOMALIE | BTC/USDT | squeeze | Bollinger squeeze — grote move op komst, wacht op bevestiging
2026-05-19 15:48:58,670 | WARNING | ANOMALIE | BTC/USDT | squeeze | Bollinger squeeze — grote move op komst, wacht op bevestiging
2026-05-19 15:54:40,369 | WARNING | ANOMALIE | BTC/USDT | squeeze | Bollinger squeeze — grote move op komst, wacht op bevestiging
2026-05-19 16:00:21,862 | WARNING | ANOMALIE | BTC/USDT | squeeze | Bollinger squeeze — grote move op komst, wacht op bevestiging
2026-05-19 16:04:58,604 | WARNING | ANOMALIE | SOL/USDT | squeeze | Bollinger squeeze — grote move op komst, wacht op bevestiging
2026-05-19 16:06:03,047 | WARNING | ANOMALIE | BTC/USDT | squeeze | Bollinger squeeze — grote move op komst, wacht op bevestiging
2026-05-19 16:11:47,480 | WARNING | ANOMALIE | BTC/USDT | squeeze | Bollinger squeeze — grote move op komst, wacht op bevestiging
2026-05-19 16:17:29,521 | WARNING | ANOMALIE | BTC/USDT | squeeze | Bollinger squeeze — grote move op komst, wacht op bevestiging
2026-05-19 16:23:11,586 | WARNING | ANOMALIE | BTC/USDT | squeeze | Bollinger squeeze — grote move op komst, wacht op bevestiging
2026-05-19 16:28:53,566 | WARNING | ANOMALIE | BTC/USDT | squeeze | Bollinger squeeze — grote move op komst, wacht op bevestiging
2026-05-19 16:34:36,894 | WARNING | ANOMALIE | BTC/USDT | squeeze | Bollinger squeeze — grote move op komst, wacht op bevestiging
2026-05-19 16:40:18,501 | WARNING | ANOMALIE | BTC/USDT | squeeze | Bollinger squeeze — grote move op komst, wacht op bevestiging
2026-05-19 16:46:02,035 | WARNING | ANOMALIE | BTC/USDT | squeeze | Bollinger squeeze — grote move op komst, wacht op bevestiging
2026-05-19 16:51:42,716 | WARNING | ANOMALIE | BTC/USDT | squeeze | Bollinger squeeze — grote move op komst, wacht op bevestiging
2026-05-19 16:57:25,638 | WARNING | ANOMALIE | BTC/USDT | squeeze | Bollinger squeeze — grote move op komst, wacht op bevestiging
2026-05-19 17:03:06,987 | WARNING | ANOMALIE | BTC/USDT | squeeze | Bollinger squeeze — grote move op komst, wacht op bevestiging
2026-05-19 17:08:48,697 | WARNING | ANOMALIE | BTC/USDT | squeeze | Bollinger squeeze — grote move op komst, wacht op bevestiging
2026-05-19 17:14:29,838 | WARNING | ANOMALIE | BTC/USDT | squeeze | Bollinger squeeze — grote move op komst, wacht op bevestiging
2026-05-19 17:20:12,899 | WARNING | ANOMALIE | BTC/USDT | squeeze | Bollinger squeeze — grote move op komst, wacht op bevestiging
2026-05-19 17:25:54,573 | WARNING | ANOMALIE | BTC/USDT | squeeze | Bollinger squeeze — grote move op komst, wacht op bevestiging
2026-05-19 17:31:38,823 | WARNING | ANOMALIE | BTC/USDT | squeeze | Bollinger squeeze — grote move op komst, wacht op bevestiging
2026-05-19 17:37:19,596 | WARNING | ANOMALIE | BTC/USDT | squeeze | Bollinger squeeze — grote move op komst, wacht op bevestiging
2026-05-19 17:43:01,541 | WARNING | ANOMALIE | BTC/USDT | squeeze | Bollinger squeeze — grote move op komst, wacht op bevestiging
2026-05-19 17:48:55,679 | WARNING | ANOMALIE | BTC/USDT | squeeze | Bollinger squeeze — grote move op komst, wacht op bevestiging
2026-05-19 17:54:40,292 | WARNING | ANOMALIE | BTC/USDT | squeeze | Bollinger squeeze — grote move op komst, wacht op bevestiging
2026-05-19 18:00:21,761 | WARNING | ANOMALIE | BTC/USDT | squeeze | Bollinger squeeze — grote move op komst, wacht op bevestiging
2026-05-19 18:02:40,952 | INFO | TRADE | ETH/USDT | SELL @ 2111.4200 | PnL: -0.22%
2026-05-19 18:06:05,066 | WARNING | ANOMALIE | BTC/USDT | squeeze | Bollinger squeeze — grote move op komst, wacht op bevestiging
2026-05-19 18:11:48,690 | WARNING | ANOMALIE | BTC/USDT | squeeze | Bollinger squeeze — grote move op komst, wacht op bevestiging
2026-05-19 18:17:30,577 | WARNING | ANOMALIE | BTC/USDT | squeeze | Bollinger squeeze — grote move op komst, wacht op bevestiging
2026-05-19 18:23:12,958 | WARNING | ANOMALIE | BTC/USDT | squeeze | Bollinger squeeze — grote move op komst, wacht op bevestiging
2026-05-19 18:29:00,602 | WARNING | ANOMALIE | BTC/USDT | squeeze | Bollinger squeeze — grote move op komst, wacht op bevestiging
2026-05-19 18:34:42,962 | WARNING | ANOMALIE | BTC/USDT | squeeze | Bollinger squeeze — grote move op komst, wacht op bevestiging
2026-05-19 18:40:26,876 | WARNING | ANOMALIE | BTC/USDT | squeeze | Bollinger squeeze — grote move op komst, wacht op bevestiging
2026-05-19 18:46:11,358 | WARNING | ANOMALIE | BTC/USDT | squeeze | Bollinger squeeze — grote move op komst, wacht op bevestiging
