Fri May  8 12:06:49 AM CEST 2026 | Watchdog gestart
Fri May  8 12:06:49 AM CEST 2026 | Bot wordt gestart
Fri May  8 12:50:57 AM CEST 2026 | Bot gestopt (exit 143) — herstart over 10 seconden
Fri May  8 12:51:07 AM CEST 2026 | Bot wordt gestart
Fri May  8 06:06:54 PM CEST 2026 | Bot gestopt (exit 143) — herstart over 10 seconden
Fri May  8 06:07:04 PM CEST 2026 | Bot wordt gestart
Fri May  8 06:07:06 PM CEST 2026 | Bot gestopt (exit 143) — herstart over 10 seconden
Fri May  8 06:07:16 PM CEST 2026 | Bot wordt gestart
Fri May  8 06:32:25 PM CEST 2026 | Bot gestopt (exit 143) — herstart over 10 seconden
Fri May  8 06:32:35 PM CEST 2026 | Bot wordt gestart
Fri May  8 06:34:59 PM CEST 2026 | Bot gestopt (exit 143) — herstart over 10 seconden
Fri May  8 06:35:09 PM CEST 2026 | Bot wordt gestart
Fri May  8 07:56:18 PM CEST 2026 | Bot gestopt (exit 143) — herstart over 10 seconden
Fri May  8 07:56:28 PM CEST 2026 | Bot wordt gestart
Fri May  8 08:08:17 PM CEST 2026 | Bot gestopt (exit 143) — herstart over 10 seconden
Fri May  8 08:08:27 PM CEST 2026 | Bot wordt gestart
Fri May  8 08:21:30 PM CEST 2026 | Bot gestopt (exit 143) — herstart over 10 seconden
Fri May  8 08:21:40 PM CEST 2026 | Bot wordt gestart
Fri May  8 08:21:58 PM CEST 2026 | Bot gestopt (exit 143) — herstart over 10 seconden
Fri May  8 08:22:08 PM CEST 2026 | Bot wordt gestart
Fri May  8 08:32:13 PM CEST 2026 | Bot gestopt (exit 143) — herstart over 10 seconden
Fri May  8 08:32:23 PM CEST 2026 | Bot wordt gestart
Fri May  8 08:32:30 PM CEST 2026 | Bot gestopt (exit 143) — herstart over 10 seconden
Fri May  8 08:32:40 PM CEST 2026 | Bot wordt gestart
Fri May  8 08:41:56 PM CEST 2026 | Bot gestopt (exit 143) — herstart over 10 seconden
Fri May  8 08:42:06 PM CEST 2026 | Bot wordt gestart
Fri May  8 08:42:30 PM CEST 2026 | Bot gestopt (exit 143) — herstart over 10 seconden
Fri May  8 08:42:40 PM CEST 2026 | Bot wordt gestart
